00000000 c7fe                LGOTO    0x1; __nyc_ny8_startup=0x1
__nyc_ny8_startup:
00000001 d459                LCALL    0x3a6; ___cinit_load__=0x3a6
00000002 c708                LGOTO    0xf7; _main=0xf7
_CS1630_Clear_All_Irq:
crt0.o:crt0_end:
00000003 de8f                MOVIA    0x70
00000004 ff06                MOVAR    0x79
00000005 def8                MOVIA    0x7
00000006 d32d                LCALL    0x4d2; _CS1630_write_byte=0x4d2
00000007 ffef                RET
00000008 c3d1                LGOTO    0x42e; _isr=0x42e
_send_ble_packet:
00000009 e0fc                BCR      STATUS, BK0
0000000a ff56                MOVAR    0x29
0000000b fe86                MOVR     0x79, ToAcc
0000000c e0fc                BCR      STATUS, BK0
0000000d ff55                MOVAR    0x2a
0000000e fe85                MOVR     0x7a, ToAcc
0000000f e0fc                BCR      STATUS, BK0
00000010 ff54                MOVAR    0x2b
00000011 fffd                CLRWDT
00000012 de03                MOVIA    0xfc
00000013 ff6a                MOVAR    AWUCON
00000014 fd76                CLRR     BWUCON
00000015 de03                MOVIA    0xfc
00000016 fffa                IOST     IOSTA
00000017 dedc                MOVIA    0x23
00000018 fff6                IOST     APHCON
00000019 defd                MOVIA    0x2
0000001a ff71                MOVAR    INTE
0000001b fd70                CLRR     INTF
0000001c e0fc                BCR      STATUS, BK0
0000001d fed4                MOVR     0x2b, ToAcc
0000001e e4fc                BSR      STATUS, BK0
0000001f ff58                MOVAR    0x27
00000020 e0fc                BCR      STATUS, BK0
00000021 fed6                MOVR     0x29, ToAcc
00000022 e4fc                BSR      STATUS, BK0
00000023 ff57                MOVAR    0x28
00000024 d2b0                LCALL    0x54f; _CS1630_CE_Low=0x54f
00000025 d29c                LCALL    0x563; _CS1630_Flush_Tx=0x563
00000026 d7fc                LCALL    0x3; _CS1630_Clear_All_Irq=0x3
00000027 def0                MOVIA    0xf
00000028 ff06                MOVAR    0x79
00000029 deff                MOVIA    0x0
0000002a d32d                LCALL    0x4d2; _CS1630_write_byte=0x4d2
0000002b defa                MOVIA    0x5
0000002c d36e                LCALL    0x491; _delay_ms=0x491
0000002d fffd                CLRWDT
0000002e e0fc                BCR      STATUS, BK0
0000002f e5f9                BSR      PORTB, PB4
00000030 e0fc                BCR      STATUS, BK0
00000031 fd56                CLRR     0x29
app_tx.o:_02028_DS_:
00000032 fffd                CLRWDT
00000033 e0fc                BCR      STATUS, BK0
00000034 fed6                MOVR     0x29, ToAcc
00000035 da8b                ADDIA    0x74
00000036 e0fc                BCR      STATUS, BK0
00000037 ff54                MOVAR    0x2b
00000038 defa                MOVIA    0x5
00000039 d9ff                ADCIA    0x0
0000003a e0fc                BCR      STATUS, BK0
0000003b ff53                MOVAR    0x2c
0000003c e0fc                BCR      STATUS, BK0
0000003d fed4                MOVR     0x2b, ToAcc
0000003e ff05                MOVAR    0x7a
0000003f e0fc                BCR      STATUS, BK0
00000040 fed3                MOVR     0x2c, ToAcc
00000041 ff06                MOVAR    0x79
00000042 de7f                MOVIA    0x80
00000043 d340                LCALL    0x4bf; __gptrget=0x4bf
00000044 e0fc                BCR      STATUS, BK0
00000045 ff52                MOVAR    0x2d
00000046 fed2                MOVR     0x2d, ToAcc
00000047 ff06                MOVAR    0x79
00000048 defa                MOVIA    0x5
00000049 d32d                LCALL    0x4d2; _CS1630_write_byte=0x4d2
0000004a e0fc                BCR      STATUS, BK0
0000004b fd54                CLRR     0x2b
app_tx.o:_02026_DS_:
0000004c de5f                MOVIA    0xa0
0000004d e0fc                BCR      STATUS, BK0
0000004e ff53                MOVAR    0x2c
0000004f e0fc                BCR      STATUS, BK0
00000050 fd52                CLRR     0x2d
00000051 e0fc                BCR      STATUS, BK0
00000052 fd51                CLRR     0x2e
00000053 deeb                MOVIA    0x14
00000054 ff03                MOVAR    0x7c
00000055 e0fc                BCR      STATUS, BK0
00000056 fed3                MOVR     0x2c, ToAcc
00000057 ff04                MOVAR    0x7b
00000058 e0fc                BCR      STATUS, BK0
00000059 fed2                MOVR     0x2d, ToAcc
0000005a ff05                MOVAR    0x7a
0000005b e0fc                BCR      STATUS, BK0
0000005c fed1                MOVR     0x2e, ToAcc
0000005d ff06                MOVAR    0x79
0000005e de5f                MOVIA    0xa0
0000005f d3a9                LCALL    0x456; _CS1630_SendPack=0x456
00000060 d2a6                LCALL    0x559; _CS1630_CE_High=0x559
00000061 d288                LCALL    0x577; _delay_40us=0x577
00000062 d2b0                LCALL    0x54f; _CS1630_CE_Low=0x54f
app_tx.o:_02009_DS_:
00000063 def8                MOVIA    0x7
00000064 d2fc                LCALL    0x503; _CS1630_read_byte=0x503
00000065 e0fc                BCR      STATUS, BK0
00000066 ff53                MOVAR    0x2c
00000067 f153                BTRSC    0x2c, 0x5
00000068 c794                LGOTO    0x6b; app_tx.o:_02005_DS_=0x6b
00000069 f5d3                BTRSS    0x2c, 0x4
0000006a c79c                LGOTO    0x63; app_tx.o:_02009_DS_=0x63
app_tx.o:_02005_DS_:
0000006b e0fc                BCR      STATUS, BK0
0000006c fed3                MOVR     0x2c, ToAcc
0000006d ff06                MOVAR    0x79
0000006e def8                MOVIA    0x7
0000006f d32d                LCALL    0x4d2; _CS1630_write_byte=0x4d2
00000070 e0fc                BCR      STATUS, BK0
00000071 fa54                INCR     0x2b, ToReg
00000072 defc                MOVIA    0x3
00000073 fbd4                SUBAR    0x2b, ToAcc
00000074 f7fc                BTRSS    STATUS, C
00000075 c7b3                LGOTO    0x4c; app_tx.o:_02026_DS_=0x4c
00000076 e0fc                BCR      STATUS, BK0
00000077 fa56                INCR     0x29, ToReg
00000078 defc                MOVIA    0x3
00000079 fbd6                SUBAR    0x29, ToAcc
0000007a f7fc                BTRSS    STATUS, C
0000007b c7cd                LGOTO    0x32; app_tx.o:_02028_DS_=0x32
0000007c e0fc                BCR      STATUS, BK0
0000007d e1f9                BCR      PORTB, PB4
0000007e e0fc                BCR      STATUS, BK0
0000007f fd15                CLRR     0x6a
00000080 e0fc                BCR      STATUS, BK0
00000081 fd56                CLRR     0x29
00000082 e0fc                BCR      STATUS, BK0
00000083 fd54                CLRR     0x2b
app_tx.o:_02035_DS_:
00000084 e0fc                BCR      STATUS, BK0
00000085 fed5                MOVR     0x2a, ToAcc
00000086 e0fc                BCR      STATUS, BK0
00000087 fbd4                SUBAR    0x2b, ToAcc
00000088 f3fc                BTRSC    STATUS, C
00000089 c70f                LGOTO    0xf0; app_tx.o:_02025_DS_=0xf0
0000008a fffd                CLRWDT
0000008b e0fc                BCR      STATUS, BK0
0000008c fd53                CLRR     0x2c
app_tx.o:_02032_DS_:
0000008d fffd                CLRWDT
0000008e e0fc                BCR      STATUS, BK0
0000008f fed3                MOVR     0x2c, ToAcc
00000090 da8b                ADDIA    0x74
00000091 e0fc                BCR      STATUS, BK0
00000092 ff52                MOVAR    0x2d
00000093 defa                MOVIA    0x5
00000094 d9ff                ADCIA    0x0
00000095 e0fc                BCR      STATUS, BK0
00000096 ff51                MOVAR    0x2e
00000097 e0fc                BCR      STATUS, BK0
00000098 fed2                MOVR     0x2d, ToAcc
00000099 ff05                MOVAR    0x7a
0000009a e0fc                BCR      STATUS, BK0
0000009b fed1                MOVR     0x2e, ToAcc
0000009c ff06                MOVAR    0x79
0000009d de7f                MOVIA    0x80
0000009e d340                LCALL    0x4bf; __gptrget=0x4bf
0000009f e0fc                BCR      STATUS, BK0
000000a0 ff50                MOVAR    0x2f
000000a1 fed0                MOVR     0x2f, ToAcc
000000a2 ff06                MOVAR    0x79
000000a3 defa                MOVIA    0x5
000000a4 d32d                LCALL    0x4d2; _CS1630_write_byte=0x4d2
000000a5 e0fc                BCR      STATUS, BK0
000000a6 fd52                CLRR     0x2d
app_tx.o:_02030_DS_:
000000a7 de5f                MOVIA    0xa0
000000a8 e0fc                BCR      STATUS, BK0
000000a9 ff51                MOVAR    0x2e
000000aa e0fc                BCR      STATUS, BK0
000000ab fd50                CLRR     0x2f
000000ac e0fc                BCR      STATUS, BK0
000000ad fd4f                CLRR     0x30
000000ae deeb                MOVIA    0x14
000000af ff03                MOVAR    0x7c
000000b0 e0fc                BCR      STATUS, BK0
000000b1 fed1                MOVR     0x2e, ToAcc
000000b2 ff04                MOVAR    0x7b
000000b3 e0fc                BCR      STATUS, BK0
000000b4 fed0                MOVR     0x2f, ToAcc
000000b5 ff05                MOVAR    0x7a
000000b6 e0fc                BCR      STATUS, BK0
000000b7 fecf                MOVR     0x30, ToAcc
000000b8 ff06                MOVAR    0x79
000000b9 de5f                MOVIA    0xa0
000000ba d3a9                LCALL    0x456; _CS1630_SendPack=0x456
000000bb d2a6                LCALL    0x559; _CS1630_CE_High=0x559
000000bc d288                LCALL    0x577; _delay_40us=0x577
000000bd d2b0                LCALL    0x54f; _CS1630_CE_Low=0x54f
app_tx.o:_02017_DS_:
000000be def8                MOVIA    0x7
000000bf d2fc                LCALL    0x503; _CS1630_read_byte=0x503
000000c0 e0fc                BCR      STATUS, BK0
000000c1 ff51                MOVAR    0x2e
000000c2 f151                BTRSC    0x2e, 0x5
000000c3 c739                LGOTO    0xc6; app_tx.o:_02013_DS_=0xc6
000000c4 f5d1                BTRSS    0x2e, 0x4
000000c5 c741                LGOTO    0xbe; app_tx.o:_02017_DS_=0xbe
app_tx.o:_02013_DS_:
000000c6 e0fc                BCR      STATUS, BK0
000000c7 fed1                MOVR     0x2e, ToAcc
000000c8 ff06                MOVAR    0x79
000000c9 def8                MOVIA    0x7
000000ca d32d                LCALL    0x4d2; _CS1630_write_byte=0x4d2
000000cb e0fc                BCR      STATUS, BK0
000000cc fa52                INCR     0x2d, ToReg
000000cd defc                MOVIA    0x3
000000ce fbd2                SUBAR    0x2d, ToAcc
000000cf f7fc                BTRSS    STATUS, C
000000d0 c758                LGOTO    0xa7; app_tx.o:_02030_DS_=0xa7
000000d1 e0fc                BCR      STATUS, BK0
000000d2 fa53                INCR     0x2c, ToReg
000000d3 defc                MOVIA    0x3
000000d4 fbd3                SUBAR    0x2c, ToAcc
000000d5 f7fc                BTRSS    STATUS, C
000000d6 c772                LGOTO    0x8d; app_tx.o:_02032_DS_=0x8d
000000d7 e0fc                BCR      STATUS, BK0
000000d8 fe95                MOVR     0x6a, ToAcc
000000d9 dbfe                XORIA    0x1
000000da f6fc                BTRSS    STATUS, Z
000000db c712                LGOTO    0xed; app_tx.o:_02036_DS_=0xed
000000dc fd15                CLRR     0x6a
000000dd e0fc                BCR      STATUS, BK0
000000de fa56                INCR     0x29, ToReg
000000df fed6                MOVR     0x29, ToAcc
000000e0 dbfd                XORIA    0x2
000000e1 f6fc                BTRSS    STATUS, Z
000000e2 c712                LGOTO    0xed; app_tx.o:_02036_DS_=0xed
000000e3 defe                MOVIA    0x1
000000e4 e0fc                BCR      STATUS, BK0
000000e5 ff14                MOVAR    0x6b
000000e6 def2                MOVIA    0xd
000000e7 ff06                MOVAR    0x79
000000e8 deff                MOVIA    0x0
000000e9 d32d                LCALL    0x4d2; _CS1630_write_byte=0x4d2
000000ea defd                MOVIA    0x2
000000eb d36e                LCALL    0x491; _delay_ms=0x491
000000ec c709                LGOTO    0xf6; app_tx.o:_02037_DS_=0xf6
app_tx.o:_02036_DS_:
000000ed e0fc                BCR      STATUS, BK0
000000ee fa54                INCR     0x2b, ToReg
000000ef c77b                LGOTO    0x84; app_tx.o:_02035_DS_=0x84
app_tx.o:_02025_DS_:
000000f0 def2                MOVIA    0xd
000000f1 ff06                MOVAR    0x79
000000f2 deff                MOVIA    0x0
000000f3 d32d                LCALL    0x4d2; _CS1630_write_byte=0x4d2
000000f4 defd                MOVIA    0x2
000000f5 d36e                LCALL    0x491; _delay_ms=0x491
app_tx.o:_02037_DS_:
000000f6 ffef                RET
_main:
000000f7 ffec                DISI
000000f8 d357                LCALL    0x4a8; _CS1630_init_main=0x4a8
000000f9 d2bb                LCALL    0x544; _wake_up_init=0x544
000000fa d282                LCALL    0x57d; _open_WDT=0x57d
000000fb fffb                ENI
000000fc e0fc                BCR      STATUS, BK0
000000fd fd1c                CLRR     0x63
000000fe e0fc                BCR      STATUS, BK0
000000ff fd15                CLRR     0x6a
main.o:_02050_DS_:
00000100 fffd                CLRWDT
00000101 d2e0                LCALL    0x51f; _key_init=0x51f
00000102 d5f4                LCALL    0x20b; _Check_Keydown=0x20b
00000103 e0fc                BCR      STATUS, BK0
00000104 ff1b                MOVAR    0x64
00000105 fe9b                MOVR     0x64, ToAcc
00000106 f2fc                BTRSC    STATUS, Z
00000107 c6ee                LGOTO    0x111; main.o:_02029_DS_=0x111
00000108 e0fc                BCR      STATUS, BK0
00000109 fd13                CLRR     0x6c
0000010a e0fc                BCR      STATUS, BK0
0000010b fd12                CLRR     0x6d
0000010c e0fc                BCR      STATUS, BK0
0000010d f99b                DECR     0x64, ToAcc
0000010e e0fc                BCR      STATUS, BK0
0000010f ff1a                MOVAR    0x65
00000110 c6eb                LGOTO    0x114; main.o:_02030_DS_=0x114
main.o:_02029_DS_:
00000111 de00                MOVIA    0xff
00000112 e0fc                BCR      STATUS, BK0
00000113 ff1a                MOVAR    0x65
main.o:_02030_DS_:
00000114 e0fc                BCR      STATUS, BK0
00000115 fe9b                MOVR     0x64, ToAcc
00000116 f2fc                BTRSC    STATUS, Z
00000117 c6a0                LGOTO    0x15f; main.o:_02041_DS_=0x15f
00000118 e0fc                BCR      STATUS, BK0
00000119 fe9c                MOVR     0x63, ToAcc
0000011a f6fc                BTRSS    STATUS, Z
0000011b c6d4                LGOTO    0x12b; main.o:_02038_DS_=0x12b
0000011c e0fc                BCR      STATUS, BK0
0000011d fe90                MOVR     0x6f, ToAcc
0000011e e0fc                BCR      STATUS, BK0
0000011f ff19                MOVAR    0x66
00000120 fa99                INCR     0x66, ToAcc
00000121 e0fc                BCR      STATUS, BK0
00000122 ff10                MOVAR    0x6f
00000123 fe90                MOVR     0x6f, ToAcc
00000124 ff05                MOVAR    0x7a
00000125 def0                MOVIA    0xf
00000126 ff06                MOVAR    0x79
00000127 e0fc                BCR      STATUS, BK0
00000128 fe9a                MOVR     0x65, ToAcc
00000129 d7f6                LCALL    0x9; _send_ble_packet=0x9
0000012a c6a0                LGOTO    0x15f; main.o:_02041_DS_=0x15f
main.o:_02038_DS_:
0000012b e0fc                BCR      STATUS, BK0
0000012c fe91                MOVR     0x6e, ToAcc
0000012d e0fc                BCR      STATUS, BK0
0000012e ed9b                XORAR    0x64, ToAcc
0000012f f6fc                BTRSS    STATUS, Z
00000130 c6ae                LGOTO    0x151; main.o:_02035_DS_=0x151
00000131 e0fc                BCR      STATUS, BK0
00000132 fe94                MOVR     0x6b, ToAcc
00000133 f6fc                BTRSS    STATUS, Z
00000134 c6bf                LGOTO    0x140; main.o:_02032_DS_=0x140
00000135 e0fc                BCR      STATUS, BK0
00000136 fe90                MOVR     0x6f, ToAcc
00000137 ff05                MOVAR    0x7a
00000138 deff                MOVIA    0x0
00000139 ff06                MOVAR    0x79
0000013a e0fc                BCR      STATUS, BK0
0000013b fe9a                MOVR     0x65, ToAcc
0000013c d7f6                LCALL    0x9; _send_ble_packet=0x9
0000013d dea5                MOVIA    0x5a
0000013e d36e                LCALL    0x491; _delay_ms=0x491
0000013f c6a0                LGOTO    0x15f; main.o:_02041_DS_=0x15f
main.o:_02032_DS_:
00000140 e0fc                BCR      STATUS, BK0
00000141 fd14                CLRR     0x6b
00000142 e0fc                BCR      STATUS, BK0
00000143 fe90                MOVR     0x6f, ToAcc
00000144 e0fc                BCR      STATUS, BK0
00000145 ff19                MOVAR    0x66
00000146 fa99                INCR     0x66, ToAcc
00000147 e0fc                BCR      STATUS, BK0
00000148 ff10                MOVAR    0x6f
00000149 fe90                MOVR     0x6f, ToAcc
0000014a ff05                MOVAR    0x7a
0000014b def0                MOVIA    0xf
0000014c ff06                MOVAR    0x79
0000014d e0fc                BCR      STATUS, BK0
0000014e fe9a                MOVR     0x65, ToAcc
0000014f d7f6                LCALL    0x9; _send_ble_packet=0x9
00000150 c6a0                LGOTO    0x15f; main.o:_02041_DS_=0x15f
main.o:_02035_DS_:
00000151 e0fc                BCR      STATUS, BK0
00000152 fe90                MOVR     0x6f, ToAcc
00000153 e0fc                BCR      STATUS, BK0
00000154 ff19                MOVAR    0x66
00000155 fa99                INCR     0x66, ToAcc
00000156 e0fc                BCR      STATUS, BK0
00000157 ff10                MOVAR    0x6f
00000158 fe90                MOVR     0x6f, ToAcc
00000159 ff05                MOVAR    0x7a
0000015a def0                MOVIA    0xf
0000015b ff06                MOVAR    0x79
0000015c e0fc                BCR      STATUS, BK0
0000015d fe9a                MOVR     0x65, ToAcc
0000015e d7f6                LCALL    0x9; _send_ble_packet=0x9
main.o:_02041_DS_:
0000015f fffd                CLRWDT
00000160 e0fc                BCR      STATUS, BK0
00000161 fe9b                MOVR     0x64, ToAcc
00000162 f2fc                BTRSC    STATUS, Z
00000163 c693                LGOTO    0x16c; main.o:_02043_DS_=0x16c
00000164 defe                MOVIA    0x1
00000165 e0fc                BCR      STATUS, BK0
00000166 ff1c                MOVAR    0x63
00000167 e0fc                BCR      STATUS, BK0
00000168 fe9b                MOVR     0x64, ToAcc
00000169 e0fc                BCR      STATUS, BK0
0000016a ff11                MOVAR    0x6e
0000016b c691                LGOTO    0x16e; main.o:_02044_DS_=0x16e
main.o:_02043_DS_:
0000016c e0fc                BCR      STATUS, BK0
0000016d fd1c                CLRR     0x63
main.o:_02044_DS_:
0000016e e0fc                BCR      STATUS, BK0
0000016f fe93                MOVR     0x6c, ToAcc
00000170 e0fc                BCR      STATUS, BK0
00000171 ff1b                MOVAR    0x64
00000172 fa9b                INCR     0x64, ToAcc
00000173 e0fc                BCR      STATUS, BK0
00000174 ff13                MOVAR    0x6c
00000175 fe93                MOVR     0x6c, ToAcc
00000176 db00                XORIA    0xff
00000177 f6fc                BTRSS    STATUS, Z
00000178 c67e                LGOTO    0x181; main.o:_02046_DS_=0x181
00000179 fd13                CLRR     0x6c
0000017a e0fc                BCR      STATUS, BK0
0000017b fe92                MOVR     0x6d, ToAcc
0000017c e0fc                BCR      STATUS, BK0
0000017d ff1b                MOVAR    0x64
0000017e fa9b                INCR     0x64, ToAcc
0000017f e0fc                BCR      STATUS, BK0
00000180 ff12                MOVAR    0x6d
main.o:_02046_DS_:
00000181 e0fc                BCR      STATUS, BK0
00000182 fe92                MOVR     0x6d, ToAcc
00000183 dbeb                XORIA    0x14
00000184 f6fc                BTRSS    STATUS, Z
00000185 c6ff                LGOTO    0x100; main.o:_02050_DS_=0x100
00000186 fd12                CLRR     0x6d
00000187 d2bb                LCALL    0x544; _wake_up_init=0x544
00000188 d285                LCALL    0x57a; _close_WDT=0x57a
00000189 fe7a                MOVR     PORTA, ToReg
0000018a fd70                CLRR     INTF
0000018b fffe                SLEEP
0000018c d282                LCALL    0x57d; _open_WDT=0x57d
0000018d c6ff                LGOTO    0x100; main.o:_02050_DS_=0x100
0000018e ffef                RET
_CS1630_Init:
0000018f d2ee                LCALL    0x511; _RF_softSPI_Init=0x511
00000190 d2b0                LCALL    0x54f; _CS1630_CE_Low=0x54f
00000191 defd                MOVIA    0x2
00000192 ff06                MOVAR    0x79
00000193 deff                MOVIA    0x0
00000194 d32d                LCALL    0x4d2; _CS1630_write_byte=0x4d2
00000195 defb                MOVIA    0x4
00000196 d36e                LCALL    0x491; _delay_ms=0x491
00000197 d517                LCALL    0x2e8; _CS1630_Soft_Rst=0x2e8
00000198 d2a6                LCALL    0x559; _CS1630_CE_High=0x559
00000199 deef                MOVIA    0x10
0000019a d30c                LCALL    0x4f3; _delay_us=0x4f3
0000019b d2b0                LCALL    0x54f; _CS1630_CE_Low=0x54f
bsp_cs1630.o:_02009_DS_:
0000019c dee1                MOVIA    0x1e
0000019d d2fc                LCALL    0x503; _CS1630_read_byte=0x503
0000019e e0fc                BCR      STATUS, BK0
0000019f ff4b                MOVAR    0x34
000001a0 f7cb                BTRSS    0x34, 0x0
000001a1 c663                LGOTO    0x19c; bsp_cs1630.o:_02009_DS_=0x19c
000001a2 defe                MOVIA    0x1
000001a3 d385                LCALL    0x47a; _CS1630_Bank_Switch=0x47a
000001a4 deee                MOVIA    0x11
000001a5 d2fc                LCALL    0x503; _CS1630_read_byte=0x503
000001a6 e0fc                BCR      STATUS, BK0
000001a7 ff4b                MOVAR    0x34
000001a8 dedf                MOVIA    0x20
000001a9 e0fc                BCR      STATUS, BK0
000001aa ff4a                MOVAR    0x35
000001ab e0fc                BCR      STATUS, BK0
000001ac fd49                CLRR     0x36
000001ad e0fc                BCR      STATUS, BK0
000001ae fd48                CLRR     0x37
000001af defb                MOVIA    0x4
000001b0 ff03                MOVAR    0x7c
000001b1 e0fc                BCR      STATUS, BK0
000001b2 feca                MOVR     0x35, ToAcc
000001b3 ff04                MOVAR    0x7b
000001b4 e0fc                BCR      STATUS, BK0
000001b5 fec9                MOVR     0x36, ToAcc
000001b6 ff05                MOVAR    0x7a
000001b7 e0fc                BCR      STATUS, BK0
000001b8 fec8                MOVR     0x37, ToAcc
000001b9 ff06                MOVAR    0x79
000001ba defe                MOVIA    0x1
000001bb d4ce                LCALL    0x331; _CS1630_read_buffer=0x331
000001bc def8                MOVIA    0x7
000001bd e0fc                BCR      STATUS, BK0
000001be ff5f                MOVAR    0x20
000001bf de7f                MOVIA    0x80
000001c0 ff5e                MOVAR    0x21
000001c1 fedd                MOVR     0x22, ToAcc
000001c2 e0fc                BCR      STATUS, BK0
000001c3 ff4a                MOVAR    0x35
000001c4 deb7                MOVIA    0x48
000001c5 ee4a                IORAR    0x35, ToReg
000001c6 feca                MOVR     0x35, ToAcc
000001c7 e0fc                BCR      STATUS, BK0
000001c8 ff5d                MOVAR    0x22
000001c9 dedf                MOVIA    0x20
000001ca e0fc                BCR      STATUS, BK0
000001cb ff4a                MOVAR    0x35
000001cc e0fc                BCR      STATUS, BK0
000001cd fd49                CLRR     0x36
000001ce e0fc                BCR      STATUS, BK0
000001cf fd48                CLRR     0x37
000001d0 defb                MOVIA    0x4
000001d1 ff03                MOVAR    0x7c
000001d2 e0fc                BCR      STATUS, BK0
000001d3 feca                MOVR     0x35, ToAcc
000001d4 ff04                MOVAR    0x7b
000001d5 e0fc                BCR      STATUS, BK0
000001d6 fec9                MOVR     0x36, ToAcc
000001d7 ff05                MOVAR    0x7a
000001d8 e0fc                BCR      STATUS, BK0
000001d9 fec8                MOVR     0x37, ToAcc
000001da ff06                MOVAR    0x79
000001db defe                MOVIA    0x1
000001dc d493                LCALL    0x36c; _CS1630_wr_buffer=0x36c
000001dd e0fc                BCR      STATUS, BK0
000001de fecb                MOVR     0x34, ToAcc
000001df ff06                MOVAR    0x79
000001e0 deee                MOVIA    0x11
000001e1 d32d                LCALL    0x4d2; _CS1630_write_byte=0x4d2
000001e2 deff                MOVIA    0x0
000001e3 d385                LCALL    0x47a; _CS1630_Bank_Switch=0x47a
000001e4 defe                MOVIA    0x1
000001e5 ff06                MOVAR    0x79
000001e6 dee1                MOVIA    0x1e
000001e7 d32d                LCALL    0x4d2; _CS1630_write_byte=0x4d2
000001e8 deed                MOVIA    0x12
000001e9 e0fc                BCR      STATUS, BK0
000001ea ff5f                MOVAR    0x20
000001eb decb                MOVIA    0x34
000001ec ff5e                MOVAR    0x21
000001ed dea9                MOVIA    0x56
000001ee ff5d                MOVAR    0x22
000001ef de87                MOVIA    0x78
000001f0 ff5c                MOVAR    0x23
000001f1 de65                MOVIA    0x9a
000001f2 ff5b                MOVAR    0x24
000001f3 dedf                MOVIA    0x20
000001f4 e0fc                BCR      STATUS, BK0
000001f5 ff4b                MOVAR    0x34
000001f6 e0fc                BCR      STATUS, BK0
000001f7 fd4a                CLRR     0x35
000001f8 e0fc                BCR      STATUS, BK0
000001f9 fd49                CLRR     0x36
000001fa defa                MOVIA    0x5
000001fb ff03                MOVAR    0x7c
000001fc e0fc                BCR      STATUS, BK0
000001fd fecb                MOVR     0x34, ToAcc
000001fe ff04                MOVAR    0x7b
000001ff e0fc                BCR      STATUS, BK0
00000200 feca                MOVR     0x35, ToAcc
00000201 ff05                MOVAR    0x7a
00000202 e0fc                BCR      STATUS, BK0
00000203 fec9                MOVR     0x36, ToAcc
00000204 ff06                MOVAR    0x79
00000205 deef                MOVIA    0x10
00000206 d493                LCALL    0x36c; _CS1630_wr_buffer=0x36c
00000207 d7fc                LCALL    0x3; _CS1630_Clear_All_Irq=0x3
00000208 d29c                LCALL    0x563; _CS1630_Flush_Tx=0x563
00000209 fffd                CLRWDT
0000020a ffef                RET
_Check_Keydown:
0000020b fefa                MOVR     PORTA, ToAcc
0000020c e0fc                BCR      STATUS, BK0
0000020d ff1e                MOVAR    0x61
0000020e de03                MOVIA    0xfc
0000020f ef1e                ANDAR    0x61, ToReg
00000210 fe9e                MOVR     0x61, ToAcc
00000211 db03                XORIA    0xfc
00000212 f6fc                BTRSS    STATUS, Z
00000213 c5ea                LGOTO    0x215; key.o:_02104_DS_=0x215
00000214 c57a                LGOTO    0x285; key.o:_02041_DS_=0x285
key.o:_02104_DS_:
00000215 defb                MOVIA    0x4
00000216 d36e                LCALL    0x491; _delay_ms=0x491
00000217 fefa                MOVR     PORTA, ToAcc
00000218 e0fc                BCR      STATUS, BK0
00000219 ff1e                MOVAR    0x61
0000021a de03                MOVIA    0xfc
0000021b ef1e                ANDAR    0x61, ToReg
0000021c fe9e                MOVR     0x61, ToAcc
0000021d db03                XORIA    0xfc
0000021e f6fc                BTRSS    STATUS, Z
0000021f c5de                LGOTO    0x221; key.o:_02105_DS_=0x221
00000220 c57c                LGOTO    0x283; key.o:_02038_DS_=0x283
key.o:_02105_DS_:
00000221 f0fa                BTRSC    PORTA, PA6
00000222 c5da                LGOTO    0x225; key.o:_02022_DS_=0x225
00000223 deee                MOVIA    0x11
00000224 c579                LGOTO    0x286; key.o:_02042_DS_=0x286
key.o:_02022_DS_:
00000225 f07a                BTRSC    PORTA, PA7
00000226 c5d6                LGOTO    0x229; key.o:_02024_DS_=0x229
00000227 deed                MOVIA    0x12
00000228 c579                LGOTO    0x286; key.o:_02042_DS_=0x286
key.o:_02024_DS_:
00000229 dec3                MOVIA    0x3c
0000022a e0fc                BCR      STATUS, BK0
0000022b ef1e                ANDAR    0x61, ToReg
0000022c fe9e                MOVR     0x61, ToAcc
0000022d dbe3                XORIA    0x1c
0000022e f6fc                BTRSS    STATUS, Z
0000022f c5ce                LGOTO    0x231; key.o:_02106_DS_=0x231
00000230 c5b2                LGOTO    0x24d; key.o:_02028_DS_=0x24d
key.o:_02106_DS_:
00000231 e0fc                BCR      STATUS, BK0
00000232 fe9e                MOVR     0x61, ToAcc
00000233 dbd3                XORIA    0x2c
00000234 f6fc                BTRSS    STATUS, Z
00000235 c5c8                LGOTO    0x237; key.o:_02107_DS_=0x237
00000236 c5b6                LGOTO    0x249; key.o:_02027_DS_=0x249
key.o:_02107_DS_:
00000237 e0fc                BCR      STATUS, BK0
00000238 fe9e                MOVR     0x61, ToAcc
00000239 dbcb                XORIA    0x34
0000023a f6fc                BTRSS    STATUS, Z
0000023b c5c2                LGOTO    0x23d; key.o:_02108_DS_=0x23d
0000023c c5ba                LGOTO    0x245; key.o:_02026_DS_=0x245
key.o:_02108_DS_:
0000023d e0fc                BCR      STATUS, BK0
0000023e fe9e                MOVR     0x61, ToAcc
0000023f dbc7                XORIA    0x38
00000240 f6fc                BTRSS    STATUS, Z
00000241 c5ae                LGOTO    0x251; key.o:_02029_DS_=0x251
00000242 defe                MOVIA    0x1
00000243 ff1e                MOVAR    0x61
00000244 c5ac                LGOTO    0x253; key.o:_02030_DS_=0x253
key.o:_02026_DS_:
00000245 defd                MOVIA    0x2
00000246 e0fc                BCR      STATUS, BK0
00000247 ff1e                MOVAR    0x61
00000248 c5ac                LGOTO    0x253; key.o:_02030_DS_=0x253
key.o:_02027_DS_:
00000249 defc                MOVIA    0x3
0000024a e0fc                BCR      STATUS, BK0
0000024b ff1e                MOVAR    0x61
0000024c c5ac                LGOTO    0x253; key.o:_02030_DS_=0x253
key.o:_02028_DS_:
0000024d defb                MOVIA    0x4
0000024e e0fc                BCR      STATUS, BK0
0000024f ff1e                MOVAR    0x61
00000250 c5ac                LGOTO    0x253; key.o:_02030_DS_=0x253
key.o:_02029_DS_:
00000251 e0fc                BCR      STATUS, BK0
00000252 fd1e                CLRR     0x61
key.o:_02030_DS_:
00000253 d2d3                LCALL    0x52c; _toggle_key=0x52c
00000254 fef9                MOVR     PORTB, ToAcc
00000255 e0fc                BCR      STATUS, BK0
00000256 ff1d                MOVAR    0x62
00000257 def0                MOVIA    0xf
00000258 ef1d                ANDAR    0x62, ToReg
00000259 fe9d                MOVR     0x62, ToAcc
0000025a dbf8                XORIA    0x7
0000025b f6fc                BTRSS    STATUS, Z
0000025c c5a1                LGOTO    0x25e; key.o:_02109_DS_=0x25e
0000025d c580                LGOTO    0x27f; key.o:_02036_DS_=0x27f
key.o:_02109_DS_:
0000025e e0fc                BCR      STATUS, BK0
0000025f fe9d                MOVR     0x62, ToAcc
00000260 dbf4                XORIA    0xb
00000261 f6fc                BTRSS    STATUS, Z
00000262 c59b                LGOTO    0x264; key.o:_02110_DS_=0x264
00000263 c58e                LGOTO    0x271; key.o:_02032_DS_=0x271
key.o:_02110_DS_:
00000264 e0fc                BCR      STATUS, BK0
00000265 fe9d                MOVR     0x62, ToAcc
00000266 dbf2                XORIA    0xd
00000267 f6fc                BTRSS    STATUS, Z
00000268 c595                LGOTO    0x26a; key.o:_02111_DS_=0x26a
00000269 c58a                LGOTO    0x275; key.o:_02033_DS_=0x275
key.o:_02111_DS_:
0000026a e0fc                BCR      STATUS, BK0
0000026b fe9d                MOVR     0x62, ToAcc
0000026c dbf1                XORIA    0xe
0000026d f6fc                BTRSS    STATUS, Z
0000026e c58f                LGOTO    0x270; key.o:_02112_DS_=0x270
0000026f c586                LGOTO    0x279; key.o:_02034_DS_=0x279
key.o:_02112_DS_:
00000270 c582                LGOTO    0x27d; key.o:_02035_DS_=0x27d
key.o:_02032_DS_:
00000271 defb                MOVIA    0x4
00000272 e0fc                BCR      STATUS, BK0
00000273 fc1e                ADDAR    0x61, ToReg
00000274 c580                LGOTO    0x27f; key.o:_02036_DS_=0x27f
key.o:_02033_DS_:
00000275 def7                MOVIA    0x8
00000276 e0fc                BCR      STATUS, BK0
00000277 fc1e                ADDAR    0x61, ToReg
00000278 c580                LGOTO    0x27f; key.o:_02036_DS_=0x27f
key.o:_02034_DS_:
00000279 def3                MOVIA    0xc
0000027a e0fc                BCR      STATUS, BK0
0000027b fc1e                ADDAR    0x61, ToReg
0000027c c580                LGOTO    0x27f; key.o:_02036_DS_=0x27f
key.o:_02035_DS_:
0000027d e0fc                BCR      STATUS, BK0
0000027e fd1e                CLRR     0x61
key.o:_02036_DS_:
0000027f fffd                CLRWDT
00000280 e0fc                BCR      STATUS, BK0
00000281 fe9e                MOVR     0x61, ToAcc
00000282 c579                LGOTO    0x286; key.o:_02042_DS_=0x286
key.o:_02038_DS_:
00000283 deff                MOVIA    0x0
00000284 c579                LGOTO    0x286; key.o:_02042_DS_=0x286
key.o:_02041_DS_:
00000285 deff                MOVIA    0x0
key.o:_02042_DS_:
00000286 ffef                RET
_SPI_SendByte:
00000287 e0fc                BCR      STATUS, BK0
00000288 ff26                MOVAR    0x59
00000289 fdff                CLRA
0000028a fff9                IOST     IOSTB
0000028b e0fc                BCR      STATUS, BK0
0000028c fd25                CLRR     0x5a
0000028d e0fc                BCR      STATUS, BK0
0000028e fd24                CLRR     0x5b
bsp_spi.o:_02035_DS_:
0000028f e0fc                BCR      STATUS, BK0
00000290 f426                BTRSS    0x59, 0x7
00000291 c569                LGOTO    0x296; bsp_spi.o:_02039_DS_=0x296
00000292 defe                MOVIA    0x1
00000293 e0fc                BCR      STATUS, BK0
00000294 ff23                MOVAR    0x5c
00000295 c567                LGOTO    0x298; bsp_spi.o:_02040_DS_=0x298
bsp_spi.o:_02039_DS_:
00000296 e0fc                BCR      STATUS, BK0
00000297 fd23                CLRR     0x5c
bsp_spi.o:_02040_DS_:
00000298 ffff                NOP
00000299 ffff                NOP
0000029a ffff                NOP
0000029b e3fa                BCR      PORTA, PA0
0000029c ffff                NOP
0000029d ffff                NOP
0000029e ffff                NOP
0000029f e0fc                BCR      STATUS, BK0
000002a0 fea3                MOVR     0x5c, ToAcc
000002a1 f2fc                BTRSC    STATUS, Z
000002a2 c554                LGOTO    0x2ab; bsp_spi.o:_02019_DS_=0x2ab
000002a3 ffff                NOP
000002a4 ffff                NOP
000002a5 ffff                NOP
000002a6 e579                BSR      PORTB, PB5
000002a7 ffff                NOP
000002a8 ffff                NOP
000002a9 ffff                NOP
000002aa c54d                LGOTO    0x2b2; bsp_spi.o:_02025_DS_=0x2b2
bsp_spi.o:_02019_DS_:
000002ab ffff                NOP
000002ac ffff                NOP
000002ad ffff                NOP
000002ae e179                BCR      PORTB, PB5
000002af ffff                NOP
000002b0 ffff                NOP
000002b1 ffff                NOP
bsp_spi.o:_02025_DS_:
000002b2 ffff                NOP
000002b3 ffff                NOP
000002b4 ffff                NOP
000002b5 e7fa                BSR      PORTA, PA0
000002b6 ffff                NOP
000002b7 ffff                NOP
000002b8 ffff                NOP
000002b9 ffff                NOP
000002ba ffff                NOP
000002bb ffff                NOP
000002bc e3fc                BCR      STATUS, C
000002bd e0fc                BCR      STATUS, BK0
000002be eb26                RLR      0x59, ToReg
000002bf e0fc                BCR      STATUS, BK0
000002c0 fa25                INCR     0x5a, ToReg
000002c1 f6fc                BTRSS    STATUS, Z
000002c2 c53a                LGOTO    0x2c5; bsp_spi.o:_00001_DS_=0x2c5
000002c3 e0fc                BCR      STATUS, BK0
000002c4 fa24                INCR     0x5b, ToReg
bsp_spi.o:_00001_DS_:
000002c5 e0fc                BCR      STATUS, BK0
000002c6 fea4                MOVR     0x5b, ToAcc
000002c7 da7f                ADDIA    0x80
000002c8 da7f                ADDIA    0x80
000002c9 f6fc                BTRSS    STATUS, Z
000002ca c531                LGOTO    0x2ce; bsp_spi.o:_02058_DS_=0x2ce
000002cb def7                MOVIA    0x8
000002cc e0fc                BCR      STATUS, BK0
000002cd fba5                SUBAR    0x5a, ToAcc
bsp_spi.o:_02058_DS_:
000002ce f7fc                BTRSS    STATUS, C
000002cf c570                LGOTO    0x28f; bsp_spi.o:_02035_DS_=0x28f
000002d0 ffff                NOP
000002d1 ffff                NOP
000002d2 ffff                NOP
000002d3 e179                BCR      PORTB, PB5
000002d4 ffff                NOP
000002d5 ffff                NOP
000002d6 ffff                NOP
000002d7 ffff                NOP
000002d8 ffff                NOP
000002d9 ffff                NOP
000002da e3fa                BCR      PORTA, PA0
000002db ffff                NOP
000002dc ffff                NOP
000002dd ffff                NOP
000002de ffff                NOP
000002df ffff                NOP
000002e0 ffff                NOP
000002e1 ffff                NOP
000002e2 ffff                NOP
000002e3 ffff                NOP
000002e4 ffff                NOP
000002e5 ffff                NOP
000002e6 ffff                NOP
000002e7 ffef                RET
_CS1630_Soft_Rst:
000002e8 defe                MOVIA    0x1
000002e9 d385                LCALL    0x47a; _CS1630_Bank_Switch=0x47a
000002ea deda                MOVIA    0x25
000002eb e0fc                BCR      STATUS, BK0
000002ec ff4e                MOVAR    0x31
000002ed e0fc                BCR      STATUS, BK0
000002ee fd4d                CLRR     0x32
000002ef e0fc                BCR      STATUS, BK0
000002f0 fd4c                CLRR     0x33
000002f1 defb                MOVIA    0x4
000002f2 ff03                MOVAR    0x7c
000002f3 e0fc                BCR      STATUS, BK0
000002f4 fece                MOVR     0x31, ToAcc
000002f5 ff04                MOVAR    0x7b
000002f6 e0fc                BCR      STATUS, BK0
000002f7 fecd                MOVR     0x32, ToAcc
000002f8 ff05                MOVAR    0x7a
000002f9 e0fc                BCR      STATUS, BK0
000002fa fecc                MOVR     0x33, ToAcc
000002fb ff06                MOVAR    0x79
000002fc defe                MOVIA    0x1
000002fd d4ce                LCALL    0x331; _CS1630_read_buffer=0x331
000002fe e0fc                BCR      STATUS, BK0
000002ff fed7                MOVR     0x28, ToAcc
00000300 e0fc                BCR      STATUS, BK0
00000301 ff4e                MOVAR    0x31
00000302 e44e                BSR      0x31, 0x7
00000303 fece                MOVR     0x31, ToAcc
00000304 e0fc                BCR      STATUS, BK0
00000305 ff57                MOVAR    0x28
00000306 deda                MOVIA    0x25
00000307 e0fc                BCR      STATUS, BK0
00000308 ff4e                MOVAR    0x31
00000309 e0fc                BCR      STATUS, BK0
0000030a fd4d                CLRR     0x32
0000030b e0fc                BCR      STATUS, BK0
0000030c fd4c                CLRR     0x33
0000030d defb                MOVIA    0x4
0000030e ff03                MOVAR    0x7c
0000030f e0fc                BCR      STATUS, BK0
00000310 fece                MOVR     0x31, ToAcc
00000311 ff04                MOVAR    0x7b
00000312 e0fc                BCR      STATUS, BK0
00000313 fecd                MOVR     0x32, ToAcc
00000314 ff05                MOVAR    0x7a
00000315 e0fc                BCR      STATUS, BK0
00000316 fecc                MOVR     0x33, ToAcc
00000317 ff06                MOVAR    0x79
00000318 defe                MOVIA    0x1
00000319 d493                LCALL    0x36c; _CS1630_wr_buffer=0x36c
0000031a deda                MOVIA    0x25
0000031b e0fc                BCR      STATUS, BK0
0000031c ff4e                MOVAR    0x31
0000031d e0fc                BCR      STATUS, BK0
0000031e fd4d                CLRR     0x32
0000031f e0fc                BCR      STATUS, BK0
00000320 fd4c                CLRR     0x33
00000321 defb                MOVIA    0x4
00000322 ff03                MOVAR    0x7c
00000323 e0fc                BCR      STATUS, BK0
00000324 fece                MOVR     0x31, ToAcc
00000325 ff04                MOVAR    0x7b
00000326 e0fc                BCR      STATUS, BK0
00000327 fecd                MOVR     0x32, ToAcc
00000328 ff05                MOVAR    0x7a
00000329 e0fc                BCR      STATUS, BK0
0000032a fecc                MOVR     0x33, ToAcc
0000032b ff06                MOVAR    0x79
0000032c defe                MOVIA    0x1
0000032d d4ce                LCALL    0x331; _CS1630_read_buffer=0x331
0000032e deff                MOVIA    0x0
0000032f d385                LCALL    0x47a; _CS1630_Bank_Switch=0x47a
00000330 ffef                RET
_CS1630_read_buffer:
00000331 e0fc                BCR      STATUS, BK0
00000332 ff47                MOVAR    0x38
00000333 fe86                MOVR     0x79, ToAcc
00000334 e0fc                BCR      STATUS, BK0
00000335 ff44                MOVAR    0x3b
00000336 fe85                MOVR     0x7a, ToAcc
00000337 e0fc                BCR      STATUS, BK0
00000338 ff45                MOVAR    0x3a
00000339 fe84                MOVR     0x7b, ToAcc
0000033a e0fc                BCR      STATUS, BK0
0000033b ff46                MOVAR    0x39
0000033c fe83                MOVR     0x7c, ToAcc
0000033d e0fc                BCR      STATUS, BK0
0000033e ff43                MOVAR    0x3c
0000033f e37a                BCR      PORTA, PA1
00000340 e0fc                BCR      STATUS, BK0
00000341 fec7                MOVR     0x38, ToAcc
00000342 d578                LCALL    0x287; _SPI_SendByte=0x287
bsp_cs1630.o:_02014_DS_:
00000343 e0fc                BCR      STATUS, BK0
00000344 fec3                MOVR     0x3c, ToAcc
00000345 e0fc                BCR      STATUS, BK0
00000346 ff47                MOVAR    0x38
00000347 e0fc                BCR      STATUS, BK0
00000348 f943                DECR     0x3c, ToReg
00000349 e0fc                BCR      STATUS, BK0
0000034a fec7                MOVR     0x38, ToAcc
0000034b f2fc                BTRSC    STATUS, Z
0000034c c499                LGOTO    0x366; bsp_cs1630.o:_02016_DS_=0x366
0000034d d426                LCALL    0x3d9; _SPI_ReadByte=0x3d9
0000034e e0fc                BCR      STATUS, BK0
0000034f ff47                MOVAR    0x38
00000350 fec7                MOVR     0x38, ToAcc
00000351 ff04                MOVAR    0x7b
00000352 e0fc                BCR      STATUS, BK0
00000353 fec6                MOVR     0x39, ToAcc
00000354 ff05                MOVAR    0x7a
00000355 e0fc                BCR      STATUS, BK0
00000356 fec5                MOVR     0x3a, ToAcc
00000357 ff06                MOVAR    0x79
00000358 e0fc                BCR      STATUS, BK0
00000359 fec4                MOVR     0x3b, ToAcc
0000035a d2c7                LCALL    0x538; __gptrput=0x538
0000035b e0fc                BCR      STATUS, BK0
0000035c fa46                INCR     0x39, ToReg
0000035d f6fc                BTRSS    STATUS, Z
0000035e c49e                LGOTO    0x361; bsp_cs1630.o:_00003_DS_=0x361
0000035f e0fc                BCR      STATUS, BK0
00000360 fa45                INCR     0x3a, ToReg
bsp_cs1630.o:_00003_DS_:
00000361 f6fc                BTRSS    STATUS, Z
00000362 c49a                LGOTO    0x365; bsp_cs1630.o:_00004_DS_=0x365
00000363 e0fc                BCR      STATUS, BK0
00000364 fa44                INCR     0x3b, ToReg
bsp_cs1630.o:_00004_DS_:
00000365 c4bc                LGOTO    0x343; bsp_cs1630.o:_02014_DS_=0x343
bsp_cs1630.o:_02016_DS_:
00000366 defe                MOVIA    0x1
00000367 d30c                LCALL    0x4f3; _delay_us=0x4f3
00000368 e77a                BSR      PORTA, PA1
00000369 defe                MOVIA    0x1
0000036a d30c                LCALL    0x4f3; _delay_us=0x4f3
0000036b ffef                RET
_CS1630_wr_buffer:
0000036c e0fc                BCR      STATUS, BK0
0000036d ff3f                MOVAR    0x40
0000036e fe86                MOVR     0x79, ToAcc
0000036f e0fc                BCR      STATUS, BK0
00000370 ff3c                MOVAR    0x43
00000371 fe85                MOVR     0x7a, ToAcc
00000372 e0fc                BCR      STATUS, BK0
00000373 ff3d                MOVAR    0x42
00000374 fe84                MOVR     0x7b, ToAcc
00000375 e0fc                BCR      STATUS, BK0
00000376 ff3e                MOVAR    0x41
00000377 fe83                MOVR     0x7c, ToAcc
00000378 e0fc                BCR      STATUS, BK0
00000379 ff3b                MOVAR    0x44
0000037a e37a                BCR      PORTA, PA1
0000037b e0fc                BCR      STATUS, BK0
0000037c e53f                BSR      0x40, 0x5
0000037d febf                MOVR     0x40, ToAcc
0000037e d578                LCALL    0x287; _SPI_SendByte=0x287
bsp_cs1630.o:_02029_DS_:
0000037f e0fc                BCR      STATUS, BK0
00000380 febb                MOVR     0x44, ToAcc
00000381 e0fc                BCR      STATUS, BK0
00000382 ff3f                MOVAR    0x40
00000383 e0fc                BCR      STATUS, BK0
00000384 f93b                DECR     0x44, ToReg
00000385 e0fc                BCR      STATUS, BK0
00000386 febf                MOVR     0x40, ToAcc
00000387 f2fc                BTRSC    STATUS, Z
00000388 c45d                LGOTO    0x3a2; bsp_cs1630.o:_02032_DS_=0x3a2
00000389 e0fc                BCR      STATUS, BK0
0000038a febe                MOVR     0x41, ToAcc
0000038b ff05                MOVAR    0x7a
0000038c e0fc                BCR      STATUS, BK0
0000038d febd                MOVR     0x42, ToAcc
0000038e ff06                MOVAR    0x79
0000038f e0fc                BCR      STATUS, BK0
00000390 febc                MOVR     0x43, ToAcc
00000391 d340                LCALL    0x4bf; __gptrget=0x4bf
00000392 e0fc                BCR      STATUS, BK0
00000393 ff3f                MOVAR    0x40
00000394 e0fc                BCR      STATUS, BK0
00000395 fa3e                INCR     0x41, ToReg
00000396 f6fc                BTRSS    STATUS, Z
00000397 c465                LGOTO    0x39a; bsp_cs1630.o:_00001_DS_=0x39a
00000398 e0fc                BCR      STATUS, BK0
00000399 fa3d                INCR     0x42, ToReg
bsp_cs1630.o:_00001_DS_:
0000039a f6fc                BTRSS    STATUS, Z
0000039b c461                LGOTO    0x39e; bsp_cs1630.o:_00002_DS_=0x39e
0000039c e0fc                BCR      STATUS, BK0
0000039d fa3c                INCR     0x43, ToReg
bsp_cs1630.o:_00002_DS_:
0000039e e0fc                BCR      STATUS, BK0
0000039f febf                MOVR     0x40, ToAcc
000003a0 d578                LCALL    0x287; _SPI_SendByte=0x287
000003a1 c480                LGOTO    0x37f; bsp_cs1630.o:_02029_DS_=0x37f
bsp_cs1630.o:_02032_DS_:
000003a2 e77a                BSR      PORTA, PA1
000003a3 defe                MOVIA    0x1
000003a4 d30c                LCALL    0x4f3; _delay_us=0x4f3
000003a5 ffef                RET
___cinit_load__:
___cinit_run__:
000003a6 e0fc                BCR      STATUS, BK0
000003a7 fd15                CLRR     0x6a
000003a8 fd14                CLRR     0x6b
000003a9 fd13                CLRR     0x6c
000003aa fd12                CLRR     0x6d
000003ab fd10                CLRR     0x6f
000003ac de00                MOVIA    0xff
000003ad ff11                MOVAR    0x6e
000003ae e4fc                BSR      STATUS, BK0
000003af fd58                CLRR     0x27
000003b0 fd57                CLRR     0x28
000003b1 fd4b                CLRR     0x34
000003b2 fd4a                CLRR     0x35
000003b3 fd49                CLRR     0x36
000003b4 fd48                CLRR     0x37
000003b5 fd47                CLRR     0x38
000003b6 fd46                CLRR     0x39
000003b7 fd45                CLRR     0x3a
000003b8 fd44                CLRR     0x3b
000003b9 fd43                CLRR     0x3c
000003ba fd42                CLRR     0x3d
000003bb fd41                CLRR     0x3e
000003bc fd40                CLRR     0x3f
000003bd defe                MOVIA    0x1
000003be ff5e                MOVAR    0x21
000003bf defd                MOVIA    0x2
000003c0 ff5f                MOVAR    0x20
000003c1 def9                MOVIA    0x6
000003c2 ff5d                MOVAR    0x22
000003c3 deef                MOVIA    0x10
000003c4 ff5c                MOVAR    0x23
000003c5 deba                MOVIA    0x45
000003c6 ff59                MOVAR    0x26
000003c7 deab                MOVIA    0x54
000003c8 ff5a                MOVAR    0x25
000003c9 de55                MOVIA    0xaa
000003ca ff55                MOVAR    0x2a
000003cb de40                MOVIA    0xbf
000003cc ff56                MOVAR    0x29
000003cd de00                MOVIA    0xff
000003ce ff5b                MOVAR    0x24
000003cf ff54                MOVAR    0x2b
000003d0 ff53                MOVAR    0x2c
000003d1 ff52                MOVAR    0x2d
000003d2 ff51                MOVAR    0x2e
000003d3 ff50                MOVAR    0x2f
000003d4 ff4f                MOVAR    0x30
000003d5 ff4e                MOVAR    0x31
000003d6 ff4d                MOVAR    0x32
000003d7 ff4c                MOVAR    0x33
000003d8 ffef                RET
_SPI_ReadByte:
000003d9 e0fc                BCR      STATUS, BK0
000003da fd22                CLRR     0x5d
000003db dedf                MOVIA    0x20
000003dc fff9                IOST     IOSTB
000003dd e0fc                BCR      STATUS, BK0
000003de fd21                CLRR     0x5e
bsp_spi.o:_02070_DS_:
000003df e3fc                BCR      STATUS, C
000003e0 e0fc                BCR      STATUS, BK0
000003e1 eba2                RLR      0x5d, ToAcc
000003e2 e0fc                BCR      STATUS, BK0
000003e3 ff20                MOVAR    0x5f
000003e4 ffff                NOP
000003e5 ffff                NOP
000003e6 ffff                NOP
000003e7 e7fa                BSR      PORTA, PA0
000003e8 ffff                NOP
000003e9 ffff                NOP
000003ea ffff                NOP
000003eb e0fc                BCR      STATUS, BK0
000003ec fd1f                CLRR     0x60
000003ed f179                BTRSC    PORTB, PB5
000003ee fa1f                INCR     0x60, ToReg
000003ef fe9f                MOVR     0x60, ToAcc
000003f0 e0fc                BCR      STATUS, BK0
000003f1 eea0                IORAR    0x5f, ToAcc
000003f2 e0fc                BCR      STATUS, BK0
000003f3 ff22                MOVAR    0x5d
000003f4 ffff                NOP
000003f5 ffff                NOP
000003f6 ffff                NOP
000003f7 e3fa                BCR      PORTA, PA0
000003f8 ffff                NOP
000003f9 ffff                NOP
000003fa ffff                NOP
000003fb ffff                NOP
000003fc e0fc                BCR      STATUS, BK0
000003fd fa21                INCR     0x5e, ToReg
000003fe def7                MOVIA    0x8
000003ff fba1                SUBAR    0x5e, ToAcc
00000400 f7fc                BTRSS    STATUS, C
00000401 c420                LGOTO    0x3df; bsp_spi.o:_02070_DS_=0x3df
00000402 e0fc                BCR      STATUS, BK0
00000403 fea2                MOVR     0x5d, ToAcc
00000404 ffef                RET
_CS1630_ModeSwitch:
00000405 e0fc                BCR      STATUS, BK0
00000406 ff30                MOVAR    0x4f
00000407 deff                MOVIA    0x0
00000408 d2fc                LCALL    0x503; _CS1630_read_byte=0x503
00000409 e0fc                BCR      STATUS, BK0
0000040a ff2f                MOVAR    0x50
0000040b e0fc                BCR      STATUS, BK0
0000040c feb0                MOVR     0x4f, ToAcc
0000040d f2fc                BTRSC    STATUS, Z
0000040e c3ea                LGOTO    0x415; bsp_cs1630.o:_02061_DS_=0x415
0000040f de01                MOVIA    0xfe
00000410 e0fc                BCR      STATUS, BK0
00000411 efaf                ANDAR    0x50, ToAcc
00000412 e0fc                BCR      STATUS, BK0
00000413 ff2e                MOVAR    0x51
00000414 c3e5                LGOTO    0x41a; bsp_cs1630.o:_02062_DS_=0x41a
bsp_cs1630.o:_02061_DS_:
00000415 defe                MOVIA    0x1
00000416 e0fc                BCR      STATUS, BK0
00000417 eeaf                IORAR    0x50, ToAcc
00000418 e0fc                BCR      STATUS, BK0
00000419 ff2e                MOVAR    0x51
bsp_cs1630.o:_02062_DS_:
0000041a e0fc                BCR      STATUS, BK0
0000041b feae                MOVR     0x51, ToAcc
0000041c ff06                MOVAR    0x79
0000041d deff                MOVIA    0x0
0000041e d32d                LCALL    0x4d2; _CS1630_write_byte=0x4d2
0000041f e0fc                BCR      STATUS, BK0
00000420 feb0                MOVR     0x4f, ToAcc
00000421 dbfd                XORIA    0x2
00000422 f6fc                BTRSS    STATUS, Z
00000423 c3d2                LGOTO    0x42d; bsp_cs1630.o:_02065_DS_=0x42d
00000424 def9                MOVIA    0x6
00000425 d2fc                LCALL    0x503; _CS1630_read_byte=0x503
00000426 e0fc                BCR      STATUS, BK0
00000427 ff30                MOVAR    0x4f
00000428 e430                BSR      0x4f, 0x7
00000429 feb0                MOVR     0x4f, ToAcc
0000042a ff06                MOVAR    0x79
0000042b def9                MOVIA    0x6
0000042c d32d                LCALL    0x4d2; _CS1630_write_byte=0x4d2
bsp_cs1630.o:_02065_DS_:
0000042d ffef                RET
_isr:
main.o:__sdcc_interrupt:
0000042e ff02                MOVAR    0x7d
0000042f eafc                SWAPR    STATUS, ToAcc
00000430 fd7c                CLRR     STATUS
00000431 ff01                MOVAR    0x7e
00000432 fef5                MOVR     PCHBUF, ToAcc
00000433 fd75                CLRR     PCHBUF
00000434 ff00                MOVAR    0x7f
00000435 fefb                MOVR     FSR, ToAcc
00000436 e0fc                BCR      STATUS, BK0
00000437 ff18                MOVAR    0x67
00000438 fe86                MOVR     0x79, ToAcc
00000439 e0fc                BCR      STATUS, BK0
0000043a ff17                MOVAR    0x68
0000043b fe85                MOVR     0x7a, ToAcc
0000043c e0fc                BCR      STATUS, BK0
0000043d ff16                MOVAR    0x69
0000043e f770                BTRSS    INTF, PABIF
0000043f c3ba                LGOTO    0x445; main.o:_02007_DS_=0x445
00000440 defe                MOVIA    0x1
00000441 e0fc                BCR      STATUS, BK0
00000442 ff15                MOVAR    0x6a
00000443 de02                MOVIA    0xfd
00000444 ff70                MOVAR    INTF
main.o:_02007_DS_:
00000445 e0fc                BCR      STATUS, BK0
00000446 fe96                MOVR     0x69, ToAcc
00000447 ff05                MOVAR    0x7a
00000448 e0fc                BCR      STATUS, BK0
00000449 fe97                MOVR     0x68, ToAcc
0000044a ff06                MOVAR    0x79
0000044b e0fc                BCR      STATUS, BK0
0000044c fe98                MOVR     0x67, ToAcc
0000044d ff7b                MOVAR    FSR
0000044e fe80                MOVR     0x7f, ToAcc
0000044f ff75                MOVAR    PCHBUF
00000450 fd7c                CLRR     STATUS
00000451 ea81                SWAPR    0x7e, ToAcc
00000452 ff7c                MOVAR    STATUS
00000453 ea02                SWAPR    0x7d, ToReg
00000454 ea82                SWAPR    0x7d, ToAcc
main.o:END_OF_INTERRUPT:
00000455 ffee                RETIE
_CS1630_SendPack:
00000456 e0fc                BCR      STATUS, BK0
00000457 ff36                MOVAR    0x49
00000458 fe86                MOVR     0x79, ToAcc
00000459 e0fc                BCR      STATUS, BK0
0000045a ff33                MOVAR    0x4c
0000045b fe85                MOVR     0x7a, ToAcc
0000045c e0fc                BCR      STATUS, BK0
0000045d ff34                MOVAR    0x4b
0000045e fe84                MOVR     0x7b, ToAcc
0000045f e0fc                BCR      STATUS, BK0
00000460 ff35                MOVAR    0x4a
00000461 fe83                MOVR     0x7c, ToAcc
00000462 e0fc                BCR      STATUS, BK0
00000463 ff32                MOVAR    0x4d
00000464 def8                MOVIA    0x7
00000465 d2fc                LCALL    0x503; _CS1630_read_byte=0x503
00000466 e0fc                BCR      STATUS, BK0
00000467 ff31                MOVAR    0x4e
00000468 f3b1                BTRSC    0x4e, 0x0
00000469 c386                LGOTO    0x479; bsp_cs1630.o:_02055_DS_=0x479
0000046a e0fc                BCR      STATUS, BK0
0000046b feb2                MOVR     0x4d, ToAcc
0000046c ff03                MOVAR    0x7c
0000046d e0fc                BCR      STATUS, BK0
0000046e feb5                MOVR     0x4a, ToAcc
0000046f ff04                MOVAR    0x7b
00000470 e0fc                BCR      STATUS, BK0
00000471 feb4                MOVR     0x4b, ToAcc
00000472 ff05                MOVAR    0x7a
00000473 e0fc                BCR      STATUS, BK0
00000474 feb3                MOVR     0x4c, ToAcc
00000475 ff06                MOVAR    0x79
00000476 e0fc                BCR      STATUS, BK0
00000477 feb6                MOVR     0x49, ToAcc
00000478 d493                LCALL    0x36c; _CS1630_wr_buffer=0x36c
bsp_cs1630.o:_02055_DS_:
00000479 ffef                RET
_CS1630_Bank_Switch:
0000047a e0fc                BCR      STATUS, BK0
0000047b ff38                MOVAR    0x47
0000047c def8                MOVIA    0x7
0000047d d2fc                LCALL    0x503; _CS1630_read_byte=0x503
0000047e e0fc                BCR      STATUS, BK0
0000047f ff37                MOVAR    0x48
00000480 e0fc                BCR      STATUS, BK0
00000481 feb8                MOVR     0x47, ToAcc
00000482 f2fc                BTRSC    STATUS, Z
00000483 c376                LGOTO    0x489; bsp_cs1630.o:_02046_DS_=0x489
00000484 deac                MOVIA    0x53
00000485 ff06                MOVAR    0x79
00000486 deaf                MOVIA    0x50
00000487 d31c                LCALL    0x4e3; _CS1630_wr_cmd=0x4e3
00000488 c36f                LGOTO    0x490; bsp_cs1630.o:_02048_DS_=0x490
bsp_cs1630.o:_02046_DS_:
00000489 e0fc                BCR      STATUS, BK0
0000048a f437                BTRSS    0x48, 0x7
0000048b c36f                LGOTO    0x490; bsp_cs1630.o:_02048_DS_=0x490
0000048c deac                MOVIA    0x53
0000048d ff06                MOVAR    0x79
0000048e deaf                MOVIA    0x50
0000048f d31c                LCALL    0x4e3; _CS1630_wr_cmd=0x4e3
bsp_cs1630.o:_02048_DS_:
00000490 ffef                RET
_delay_ms:
00000491 e0fc                BCR      STATUS, BK0
00000492 ff2b                MOVAR    0x54
00000493 e0fc                BCR      STATUS, BK0
00000494 fd2a                CLRR     0x55
bsp_delay.o:_02011_DS_:
00000495 e0fc                BCR      STATUS, BK0
00000496 feab                MOVR     0x54, ToAcc
00000497 e0fc                BCR      STATUS, BK0
00000498 fbaa                SUBAR    0x55, ToAcc
00000499 f3fc                BTRSC    STATUS, C
0000049a c358                LGOTO    0x4a7; bsp_delay.o:_02013_DS_=0x4a7
0000049b de01                MOVIA    0xfe
0000049c e0fc                BCR      STATUS, BK0
0000049d ff29                MOVAR    0x56
bsp_delay.o:_02009_DS_:
0000049e ffff                NOP
0000049f e0fc                BCR      STATUS, BK0
000004a0 f929                DECR     0x56, ToReg
000004a1 fea9                MOVR     0x56, ToAcc
000004a2 f6fc                BTRSS    STATUS, Z
000004a3 c361                LGOTO    0x49e; bsp_delay.o:_02009_DS_=0x49e
000004a4 e0fc                BCR      STATUS, BK0
000004a5 fa2a                INCR     0x55, ToReg
000004a6 c36a                LGOTO    0x495; bsp_delay.o:_02011_DS_=0x495
bsp_delay.o:_02013_DS_:
000004a7 ffef                RET
_CS1630_init_main:
000004a8 d670                LCALL    0x18f; _CS1630_Init=0x18f
000004a9 d2b0                LCALL    0x54f; _CS1630_CE_Low=0x54f
000004aa defe                MOVIA    0x1
000004ab d3fa                LCALL    0x405; _CS1630_ModeSwitch=0x405
000004ac defb                MOVIA    0x4
000004ad ff06                MOVAR    0x79
000004ae dee2                MOVIA    0x1d
000004af d32d                LCALL    0x4d2; _CS1630_write_byte=0x4d2
000004b0 def0                MOVIA    0xf
000004b1 ff06                MOVAR    0x79
000004b2 deff                MOVIA    0x0
000004b3 d32d                LCALL    0x4d2; _CS1630_write_byte=0x4d2
000004b4 defb                MOVIA    0x4
000004b5 ff06                MOVAR    0x79
000004b6 dee1                MOVIA    0x1e
000004b7 d32d                LCALL    0x4d2; _CS1630_write_byte=0x4d2
000004b8 def2                MOVIA    0xd
000004b9 ff06                MOVAR    0x79
000004ba deff                MOVIA    0x0
000004bb d32d                LCALL    0x4d2; _CS1630_write_byte=0x4d2
000004bc defd                MOVIA    0x2
000004bd d36e                LCALL    0x491; _delay_ms=0x491
000004be ffef                RET
__gptrget:
__gptrget1:
000004bf dbff                XORIA    0x0
000004c0 f2fc                BTRSC    STATUS, Z
000004c1 c339                LGOTO    0x4c6; _gptrget1.o:__dataptrget1=0x4c6
000004c2 db7f                XORIA    0x80
000004c3 f2fc                BTRSC    STATUS, Z
000004c4 c332                LGOTO    0x4cd; __codeptrget1=0x4cd
000004c5 dfff                RETIA    0x0
_gptrget1.o:__dataptrget1:
000004c6 fe85                MOVR     0x7a, ToAcc
000004c7 ff7b                MOVAR    FSR
000004c8 e0fc                BCR      STATUS, BK0
000004c9 f005                BTRSC    0x7a, 0x7
000004ca e4fc                BSR      STATUS, BK0
000004cb feff                MOVR     INDF, ToAcc
000004cc ffef                RET
__codeptrget1:
000004cd fe86                MOVR     0x79, ToAcc
000004ce ffb8                SFUN     TBHP
000004cf fe85                MOVR     0x7a, ToAcc
000004d0 fdee                TABLEA
000004d1 ffef                RET
_CS1630_write_byte:
000004d2 e0fc                BCR      STATUS, BK0
000004d3 ff41                MOVAR    0x3e
000004d4 fe86                MOVR     0x79, ToAcc
000004d5 e0fc                BCR      STATUS, BK0
000004d6 ff40                MOVAR    0x3f
000004d7 e37a                BCR      PORTA, PA1
000004d8 e0fc                BCR      STATUS, BK0
000004d9 e541                BSR      0x3e, 0x5
000004da fec1                MOVR     0x3e, ToAcc
000004db d578                LCALL    0x287; _SPI_SendByte=0x287
000004dc e0fc                BCR      STATUS, BK0
000004dd fec0                MOVR     0x3f, ToAcc
000004de d578                LCALL    0x287; _SPI_SendByte=0x287
000004df e77a                BSR      PORTA, PA1
000004e0 defe                MOVIA    0x1
000004e1 d30c                LCALL    0x4f3; _delay_us=0x4f3
000004e2 ffef                RET
_CS1630_wr_cmd:
000004e3 e0fc                BCR      STATUS, BK0
000004e4 ff3a                MOVAR    0x45
000004e5 fe86                MOVR     0x79, ToAcc
000004e6 e0fc                BCR      STATUS, BK0
000004e7 ff39                MOVAR    0x46
000004e8 e37a                BCR      PORTA, PA1
000004e9 e0fc                BCR      STATUS, BK0
000004ea feba                MOVR     0x45, ToAcc
000004eb d578                LCALL    0x287; _SPI_SendByte=0x287
000004ec e0fc                BCR      STATUS, BK0
000004ed feb9                MOVR     0x46, ToAcc
000004ee d578                LCALL    0x287; _SPI_SendByte=0x287
000004ef e77a                BSR      PORTA, PA1
000004f0 defe                MOVIA    0x1
000004f1 d30c                LCALL    0x4f3; _delay_us=0x4f3
000004f2 ffef                RET
_delay_us:
000004f3 e0fc                BCR      STATUS, BK0
000004f4 ff28                MOVAR    0x57
000004f5 defe                MOVIA    0x1
000004f6 e0fc                BCR      STATUS, BK0
000004f7 ff27                MOVAR    0x58
bsp_delay.o:_02024_DS_:
000004f8 e0fc                BCR      STATUS, BK0
000004f9 fea7                MOVR     0x58, ToAcc
000004fa e0fc                BCR      STATUS, BK0
000004fb fba8                SUBAR    0x57, ToAcc
000004fc f7fc                BTRSS    STATUS, C
000004fd c2fd                LGOTO    0x502; bsp_delay.o:_02026_DS_=0x502
000004fe ffff                NOP
000004ff e0fc                BCR      STATUS, BK0
00000500 fa27                INCR     0x58, ToReg
00000501 c307                LGOTO    0x4f8; bsp_delay.o:_02024_DS_=0x4f8
bsp_delay.o:_02026_DS_:
00000502 ffef                RET
_CS1630_read_byte:
00000503 e0fc                BCR      STATUS, BK0
00000504 ff42                MOVAR    0x3d
00000505 e37a                BCR      PORTA, PA1
00000506 fec2                MOVR     0x3d, ToAcc
00000507 d578                LCALL    0x287; _SPI_SendByte=0x287
00000508 d426                LCALL    0x3d9; _SPI_ReadByte=0x3d9
00000509 e0fc                BCR      STATUS, BK0
0000050a ff42                MOVAR    0x3d
0000050b e77a                BSR      PORTA, PA1
0000050c defe                MOVIA    0x1
0000050d d30c                LCALL    0x4f3; _delay_us=0x4f3
0000050e e0fc                BCR      STATUS, BK0
0000050f fec2                MOVR     0x3d, ToAcc
00000510 ffef                RET
_RF_softSPI_Init:
00000511 fdff                CLRA
00000512 fffa                IOST     IOSTA
00000513 fdff                CLRA
00000514 fffa                IOST     IOSTA
00000515 fdff                CLRA
00000516 fff9                IOST     IOSTB
00000517 ffff                NOP
00000518 ffff                NOP
00000519 ffff                NOP
0000051a e37a                BCR      PORTA, PA1
0000051b ffff                NOP
0000051c ffff                NOP
0000051d ffff                NOP
0000051e ffef                RET
_key_init:
0000051f defe                MOVIA    0x1
00000520 d36e                LCALL    0x491; _delay_ms=0x491
00000521 de03                MOVIA    0xfc
00000522 fffa                IOST     IOSTA
00000523 dedc                MOVIA    0x23
00000524 fff6                IOST     APHCON
00000525 de37                MOVIA    0xc8
00000526 ff77                MOVAR    PCON
00000527 fdff                CLRA
00000528 fff9                IOST     IOSTB
00000529 d295                LCALL    0x56a; _set_PB_low=0x56a
0000052a e1f9                BCR      PORTB, PB4
0000052b ffef                RET
_toggle_key:
0000052c dec0                MOVIA    0x3f
0000052d fff6                IOST     APHCON
0000052e de17                MOVIA    0xe8
0000052f ff77                MOVAR    PCON
00000530 de3f                MOVIA    0xc0
00000531 fffa                IOST     IOSTA
00000532 d290                LCALL    0x56f; _set_PA_low=0x56f
00000533 def0                MOVIA    0xf
00000534 fff9                IOST     IOSTB
00000535 de0f                MOVIA    0xf0
00000536 ff73                MOVAR    BPHCON
00000537 ffef                RET
__gptrput:
__gptrput1:
00000538 dbff                XORIA    0x0
00000539 f2fc                BTRSC    STATUS, Z
0000053a c2c3                LGOTO    0x53c; _gptrput1.o:__dataptrput1=0x53c
0000053b ffef                RET
_gptrput1.o:__dataptrput1:
0000053c fe85                MOVR     0x7a, ToAcc
0000053d ff7b                MOVAR    FSR
0000053e e0fc                BCR      STATUS, BK0
0000053f f005                BTRSC    0x7a, 0x7
00000540 e4fc                BSR      STATUS, BK0
00000541 fe84                MOVR     0x7b, ToAcc
00000542 ff7f                MOVAR    INDF
00000543 ffef                RET
_wake_up_init:
00000544 de03                MOVIA    0xfc
00000545 ff6a                MOVAR    AWUCON
00000546 fd76                CLRR     BWUCON
00000547 de03                MOVIA    0xfc
00000548 fffa                IOST     IOSTA
00000549 dedc                MOVIA    0x23
0000054a fff6                IOST     APHCON
0000054b defd                MOVIA    0x2
0000054c ff71                MOVAR    INTE
0000054d fd70                CLRR     INTF
0000054e ffef                RET
_CS1630_CE_Low:
0000054f dee1                MOVIA    0x1e
00000550 d2fc                LCALL    0x503; _CS1630_read_byte=0x503
00000551 e0fc                BCR      STATUS, BK0
00000552 ff2c                MOVAR    0x53
00000553 e22c                BCR      0x53, 0x3
00000554 feac                MOVR     0x53, ToAcc
00000555 ff06                MOVAR    0x79
00000556 dee1                MOVIA    0x1e
00000557 d32d                LCALL    0x4d2; _CS1630_write_byte=0x4d2
00000558 ffef                RET
_CS1630_CE_High:
00000559 dee1                MOVIA    0x1e
0000055a d2fc                LCALL    0x503; _CS1630_read_byte=0x503
0000055b e0fc                BCR      STATUS, BK0
0000055c ff2d                MOVAR    0x52
0000055d e62d                BSR      0x52, 0x3
0000055e fead                MOVR     0x52, ToAcc
0000055f ff06                MOVAR    0x79
00000560 dee1                MOVIA    0x1e
00000561 d32d                LCALL    0x4d2; _CS1630_write_byte=0x4d2
00000562 ffef                RET
_CS1630_Flush_Tx:
00000563 e37a                BCR      PORTA, PA1
00000564 de1e                MOVIA    0xe1
00000565 d578                LCALL    0x287; _SPI_SendByte=0x287
00000566 e77a                BSR      PORTA, PA1
00000567 defe                MOVIA    0x1
00000568 d30c                LCALL    0x4f3; _delay_us=0x4f3
00000569 ffef                RET
_set_PB_low:
0000056a e3f9                BCR      PORTB, PB0
0000056b e379                BCR      PORTB, PB1
0000056c e2f9                BCR      PORTB, PB2
0000056d e279                BCR      PORTB, PB3
0000056e ffef                RET
_set_PA_low:
0000056f e2fa                BCR      PORTA, PA2
00000570 e27a                BCR      PORTA, PA3
00000571 e1fa                BCR      PORTA, PA4
00000572 e17a                BCR      PORTA, PA5
00000573 ffef                RET
app_tx.o:_channel_index:
00000574 dffd                RETIA    0x2
00000575 dfe5                RETIA    0x1a
00000576 dfaf                RETIA    0x50
_delay_40us:
00000577 def9                MOVIA    0x6
00000578 d30c                LCALL    0x4f3; _delay_us=0x4f3
00000579 ffef                RET
_close_WDT:
0000057a e077                BCR      PCON, WDTEN
0000057b e277                BCR      PCON, LVREN
0000057c ffef                RET
_open_WDT:
0000057d e477                BSR      PCON, WDTEN
0000057e e677                BSR      PCON, LVREN
0000057f ffef                RET
