00000000 c7fe                LGOTO    0x1; __nyc_ny8_startup=0x1
__nyc_ny8_startup:
00000001 d536                LCALL    0x2c9; ___cinit_load__=0x2c9
00000002 c3a5                LGOTO    0x45a; _main=0x45a
_CS1630_Clear_All_Irq:
crt0.o:crt0_end:
00000003 de8f                MOVIA    0x70
00000004 ff06                MOVAR    0x79
00000005 def8                MOVIA    0x7
00000006 d403                LCALL    0x3fc; _CS1630_write_byte=0x3fc
00000007 ffef                RET
00000008 c4b2                LGOTO    0x34d; _isr=0x34d
_Check_Keydown:
00000009 e0fc                BCR      STATUS, BK0
0000000a fd1f                CLRR     0x60
0000000b fefa                MOVR     PORTA, ToAcc
0000000c e0fc                BCR      STATUS, BK0
0000000d ff1e                MOVAR    0x61
0000000e de03                MOVIA    0xfc
0000000f ef1e                ANDAR    0x61, ToReg
00000010 fe9e                MOVR     0x61, ToAcc
00000011 db03                XORIA    0xfc
00000012 f6fc                BTRSS    STATUS, Z
00000013 c7ea                LGOTO    0x15; key.o:_02142_DS_=0x15
00000014 c751                LGOTO    0xae; key.o:_02059_DS_=0xae
key.o:_02142_DS_:
00000015 defa                MOVIA    0x5
00000016 d42d                LCALL    0x3d2; _delay_ms=0x3d2
00000017 fefa                MOVR     PORTA, ToAcc
00000018 e0fc                BCR      STATUS, BK0
00000019 ff1e                MOVAR    0x61
0000001a de03                MOVIA    0xfc
0000001b ef1e                ANDAR    0x61, ToReg
0000001c fe9e                MOVR     0x61, ToAcc
0000001d db03                XORIA    0xfc
0000001e f6fc                BTRSS    STATUS, Z
0000001f c7de                LGOTO    0x21; key.o:_02143_DS_=0x21
00000020 c753                LGOTO    0xac; key.o:_02056_DS_=0xac
key.o:_02143_DS_:
00000021 f0fa                BTRSC    PORTA, PA6
00000022 c7d9                LGOTO    0x26; key.o:_02035_DS_=0x26
00000023 deee                MOVIA    0x11
00000024 e0fc                BCR      STATUS, BK0
00000025 ff1f                MOVAR    0x60
key.o:_02035_DS_:
00000026 f07a                BTRSC    PORTA, PA7
00000027 c7d4                LGOTO    0x2b; key.o:_02037_DS_=0x2b
00000028 deed                MOVIA    0x12
00000029 e0fc                BCR      STATUS, BK0
0000002a ff1f                MOVAR    0x60
key.o:_02037_DS_:
0000002b dec3                MOVIA    0x3c
0000002c e0fc                BCR      STATUS, BK0
0000002d ef1e                ANDAR    0x61, ToReg
0000002e fe9e                MOVR     0x61, ToAcc
0000002f dbe3                XORIA    0x1c
00000030 f6fc                BTRSS    STATUS, Z
00000031 c7cc                LGOTO    0x33; key.o:_02144_DS_=0x33
00000032 c7af                LGOTO    0x50; key.o:_02041_DS_=0x50
key.o:_02144_DS_:
00000033 e0fc                BCR      STATUS, BK0
00000034 fe9e                MOVR     0x61, ToAcc
00000035 dbd3                XORIA    0x2c
00000036 f6fc                BTRSS    STATUS, Z
00000037 c7c6                LGOTO    0x39; key.o:_02145_DS_=0x39
00000038 c7b3                LGOTO    0x4c; key.o:_02040_DS_=0x4c
key.o:_02145_DS_:
00000039 e0fc                BCR      STATUS, BK0
0000003a fe9e                MOVR     0x61, ToAcc
0000003b dbcb                XORIA    0x34
0000003c f6fc                BTRSS    STATUS, Z
0000003d c7c0                LGOTO    0x3f; key.o:_02146_DS_=0x3f
0000003e c7b7                LGOTO    0x48; key.o:_02039_DS_=0x48
key.o:_02146_DS_:
0000003f e0fc                BCR      STATUS, BK0
00000040 fe9e                MOVR     0x61, ToAcc
00000041 dbc7                XORIA    0x38
00000042 f6fc                BTRSS    STATUS, Z
00000043 c7ac                LGOTO    0x53; key.o:_02042_DS_=0x53
00000044 defe                MOVIA    0x1
00000045 e0fc                BCR      STATUS, BK0
00000046 ff1f                MOVAR    0x60
00000047 c7ac                LGOTO    0x53; key.o:_02042_DS_=0x53
key.o:_02039_DS_:
00000048 defd                MOVIA    0x2
00000049 e0fc                BCR      STATUS, BK0
0000004a ff1f                MOVAR    0x60
0000004b c7ac                LGOTO    0x53; key.o:_02042_DS_=0x53
key.o:_02040_DS_:
0000004c defc                MOVIA    0x3
0000004d e0fc                BCR      STATUS, BK0
0000004e ff1f                MOVAR    0x60
0000004f c7ac                LGOTO    0x53; key.o:_02042_DS_=0x53
key.o:_02041_DS_:
00000050 defb                MOVIA    0x4
00000051 e0fc                BCR      STATUS, BK0
00000052 ff1f                MOVAR    0x60
key.o:_02042_DS_:
00000053 d38a                LCALL    0x475; _toggle_key=0x475
00000054 def0                MOVIA    0xf
00000055 eff9                ANDAR    PORTB, ToAcc
00000056 e0fc                BCR      STATUS, BK0
00000057 ff1e                MOVAR    0x61
00000058 fe9e                MOVR     0x61, ToAcc
00000059 dbf8                XORIA    0x7
0000005a f6fc                BTRSS    STATUS, Z
0000005b c7a2                LGOTO    0x5d; key.o:_02147_DS_=0x5d
0000005c c784                LGOTO    0x7b; key.o:_02047_DS_=0x7b
key.o:_02147_DS_:
0000005d e0fc                BCR      STATUS, BK0
0000005e fe9e                MOVR     0x61, ToAcc
0000005f dbf4                XORIA    0xb
00000060 f6fc                BTRSS    STATUS, Z
00000061 c79c                LGOTO    0x63; key.o:_02148_DS_=0x63
00000062 c78f                LGOTO    0x70; key.o:_02044_DS_=0x70
key.o:_02148_DS_:
00000063 e0fc                BCR      STATUS, BK0
00000064 fe9e                MOVR     0x61, ToAcc
00000065 dbf2                XORIA    0xd
00000066 f6fc                BTRSS    STATUS, Z
00000067 c796                LGOTO    0x69; key.o:_02149_DS_=0x69
00000068 c78b                LGOTO    0x74; key.o:_02045_DS_=0x74
key.o:_02149_DS_:
00000069 e0fc                BCR      STATUS, BK0
0000006a fe9e                MOVR     0x61, ToAcc
0000006b dbf1                XORIA    0xe
0000006c f6fc                BTRSS    STATUS, Z
0000006d c790                LGOTO    0x6f; key.o:_02150_DS_=0x6f
0000006e c787                LGOTO    0x78; key.o:_02046_DS_=0x78
key.o:_02150_DS_:
0000006f c784                LGOTO    0x7b; key.o:_02047_DS_=0x7b
key.o:_02044_DS_:
00000070 defb                MOVIA    0x4
00000071 e0fc                BCR      STATUS, BK0
00000072 fc1f                ADDAR    0x60, ToReg
00000073 c784                LGOTO    0x7b; key.o:_02047_DS_=0x7b
key.o:_02045_DS_:
00000074 def7                MOVIA    0x8
00000075 e0fc                BCR      STATUS, BK0
00000076 fc1f                ADDAR    0x60, ToReg
00000077 c784                LGOTO    0x7b; key.o:_02047_DS_=0x7b
key.o:_02046_DS_:
00000078 def7                MOVIA    0x8
00000079 e0fc                BCR      STATUS, BK0
0000007a fc1f                ADDAR    0x60, ToReg
key.o:_02047_DS_:
0000007b d397                LCALL    0x468; _key_init=0x468
0000007c e0fc                BCR      STATUS, BK0
0000007d f91f                DECR     0x60, ToReg
0000007e de03                MOVIA    0xfc
0000007f effa                ANDAR    PORTA, ToAcc
00000080 e0fc                BCR      STATUS, BK0
00000081 ff1e                MOVAR    0x61
00000082 defe                MOVIA    0x1
00000083 e0fc                BCR      STATUS, BK0
00000084 ff1d                MOVAR    0x62
key.o:_02052_DS_:
00000085 de03                MOVIA    0xfc
00000086 effa                ANDAR    PORTA, ToAcc
00000087 e0fc                BCR      STATUS, BK0
00000088 ff1c                MOVAR    0x63
00000089 fe9c                MOVR     0x63, ToAcc
0000008a db03                XORIA    0xfc
0000008b f6fc                BTRSS    STATUS, Z
0000008c c771                LGOTO    0x8e; key.o:_02151_DS_=0x8e
0000008d c755                LGOTO    0xaa; key.o:_02054_DS_=0xaa
key.o:_02151_DS_:
0000008e e0fc                BCR      STATUS, BK0
0000008f fe9f                MOVR     0x60, ToAcc
00000090 d6c4                LCALL    0x13b; _send_ble_packet=0x13b
00000091 d353                LCALL    0x4ac; _led=0x4ac
00000092 e0fc                BCR      STATUS, BK0
00000093 fe9d                MOVR     0x62, ToAcc
00000094 dbfe                XORIA    0x1
00000095 f6fc                BTRSS    STATUS, Z
00000096 c762                LGOTO    0x9d; key.o:_02049_DS_=0x9d
00000097 e0fc                BCR      STATUS, BK0
00000098 fe9f                MOVR     0x60, ToAcc
00000099 d6c4                LCALL    0x13b; _send_ble_packet=0x13b
0000009a e0fc                BCR      STATUS, BK0
0000009b fd1d                CLRR     0x62
0000009c d343                LCALL    0x4bc; _delay_250ms=0x4bc
key.o:_02049_DS_:
0000009d d397                LCALL    0x468; _key_init=0x468
0000009e de03                MOVIA    0xfc
0000009f effa                ANDAR    PORTA, ToAcc
000000a0 e0fc                BCR      STATUS, BK0
000000a1 ff1c                MOVAR    0x63
000000a2 fe9c                MOVR     0x63, ToAcc
000000a3 e0fc                BCR      STATUS, BK0
000000a4 ed9e                XORAR    0x61, ToAcc
000000a5 f6fc                BTRSS    STATUS, Z
000000a6 c757                LGOTO    0xa8; key.o:_02152_DS_=0xa8
000000a7 c77a                LGOTO    0x85; key.o:_02052_DS_=0x85
key.o:_02152_DS_:
000000a8 deff                MOVIA    0x0
000000a9 c750                LGOTO    0xaf; key.o:_02060_DS_=0xaf
key.o:_02054_DS_:
000000aa deff                MOVIA    0x0
000000ab c750                LGOTO    0xaf; key.o:_02060_DS_=0xaf
key.o:_02056_DS_:
000000ac defe                MOVIA    0x1
000000ad c750                LGOTO    0xaf; key.o:_02060_DS_=0xaf
key.o:_02059_DS_:
000000ae defe                MOVIA    0x1
key.o:_02060_DS_:
000000af ffef                RET
_CS1630_Init:
000000b0 d3b3                LCALL    0x44c; _RF_softSPI_Init=0x44c
000000b1 d367                LCALL    0x498; _CS1630_CE_Low=0x498
000000b2 defd                MOVIA    0x2
000000b3 ff06                MOVAR    0x79
000000b4 deff                MOVIA    0x0
000000b5 d403                LCALL    0x3fc; _CS1630_write_byte=0x3fc
000000b6 defb                MOVIA    0x4
000000b7 d42d                LCALL    0x3d2; _delay_ms=0x3d2
000000b8 d5f4                LCALL    0x20b; _CS1630_Soft_Rst=0x20b
000000b9 d35d                LCALL    0x4a2; _CS1630_CE_High=0x4a2
000000ba deef                MOVIA    0x10
000000bb d3d1                LCALL    0x42e; _delay_us=0x42e
000000bc d367                LCALL    0x498; _CS1630_CE_Low=0x498
bsp_cs1630.o:_02009_DS_:
000000bd dee1                MOVIA    0x1e
000000be d3c1                LCALL    0x43e; _CS1630_read_byte=0x43e
000000bf e0fc                BCR      STATUS, BK0
000000c0 ff4d                MOVAR    0x32
000000c1 f7cd                BTRSS    0x32, 0x0
000000c2 c742                LGOTO    0xbd; bsp_cs1630.o:_02009_DS_=0xbd
000000c3 defe                MOVIA    0x1
000000c4 d444                LCALL    0x3bb; _CS1630_Bank_Switch=0x3bb
000000c5 deee                MOVIA    0x11
000000c6 d3c1                LCALL    0x43e; _CS1630_read_byte=0x43e
000000c7 e0fc                BCR      STATUS, BK0
000000c8 ff4d                MOVAR    0x32
000000c9 dedf                MOVIA    0x20
000000ca e0fc                BCR      STATUS, BK0
000000cb ff4c                MOVAR    0x33
000000cc e0fc                BCR      STATUS, BK0
000000cd fd4b                CLRR     0x34
000000ce e0fc                BCR      STATUS, BK0
000000cf fd4a                CLRR     0x35
000000d0 defb                MOVIA    0x4
000000d1 ff03                MOVAR    0x7c
000000d2 e0fc                BCR      STATUS, BK0
000000d3 fecc                MOVR     0x33, ToAcc
000000d4 ff04                MOVAR    0x7b
000000d5 e0fc                BCR      STATUS, BK0
000000d6 fecb                MOVR     0x34, ToAcc
000000d7 ff05                MOVAR    0x7a
000000d8 e0fc                BCR      STATUS, BK0
000000d9 feca                MOVR     0x35, ToAcc
000000da ff06                MOVAR    0x79
000000db defe                MOVIA    0x1
000000dc d5ab                LCALL    0x254; _CS1630_read_buffer=0x254
000000dd def8                MOVIA    0x7
000000de e0fc                BCR      STATUS, BK0
000000df ff5f                MOVAR    0x20
000000e0 de7f                MOVIA    0x80
000000e1 ff5e                MOVAR    0x21
000000e2 fedd                MOVR     0x22, ToAcc
000000e3 e0fc                BCR      STATUS, BK0
000000e4 ff4c                MOVAR    0x33
000000e5 deb7                MOVIA    0x48
000000e6 ee4c                IORAR    0x33, ToReg
000000e7 fecc                MOVR     0x33, ToAcc
000000e8 e0fc                BCR      STATUS, BK0
000000e9 ff5d                MOVAR    0x22
000000ea dedf                MOVIA    0x20
000000eb e0fc                BCR      STATUS, BK0
000000ec ff4c                MOVAR    0x33
000000ed e0fc                BCR      STATUS, BK0
000000ee fd4b                CLRR     0x34
000000ef e0fc                BCR      STATUS, BK0
000000f0 fd4a                CLRR     0x35
000000f1 defb                MOVIA    0x4
000000f2 ff03                MOVAR    0x7c
000000f3 e0fc                BCR      STATUS, BK0
000000f4 fecc                MOVR     0x33, ToAcc
000000f5 ff04                MOVAR    0x7b
000000f6 e0fc                BCR      STATUS, BK0
000000f7 fecb                MOVR     0x34, ToAcc
000000f8 ff05                MOVAR    0x7a
000000f9 e0fc                BCR      STATUS, BK0
000000fa feca                MOVR     0x35, ToAcc
000000fb ff06                MOVAR    0x79
000000fc defe                MOVIA    0x1
000000fd d570                LCALL    0x28f; _CS1630_wr_buffer=0x28f
000000fe e0fc                BCR      STATUS, BK0
000000ff fecd                MOVR     0x32, ToAcc
00000100 ff06                MOVAR    0x79
00000101 deee                MOVIA    0x11
00000102 d403                LCALL    0x3fc; _CS1630_write_byte=0x3fc
00000103 deff                MOVIA    0x0
00000104 d444                LCALL    0x3bb; _CS1630_Bank_Switch=0x3bb
00000105 defe                MOVIA    0x1
00000106 ff06                MOVAR    0x79
00000107 dee1                MOVIA    0x1e
00000108 d403                LCALL    0x3fc; _CS1630_write_byte=0x3fc
00000109 deed                MOVIA    0x12
0000010a e0fc                BCR      STATUS, BK0
0000010b ff5f                MOVAR    0x20
0000010c decb                MOVIA    0x34
0000010d ff5e                MOVAR    0x21
0000010e dea9                MOVIA    0x56
0000010f ff5d                MOVAR    0x22
00000110 de87                MOVIA    0x78
00000111 ff5c                MOVAR    0x23
00000112 de65                MOVIA    0x9a
00000113 ff5b                MOVAR    0x24
00000114 dedf                MOVIA    0x20
00000115 e0fc                BCR      STATUS, BK0
00000116 ff4d                MOVAR    0x32
00000117 e0fc                BCR      STATUS, BK0
00000118 fd4c                CLRR     0x33
00000119 e0fc                BCR      STATUS, BK0
0000011a fd4b                CLRR     0x34
0000011b defa                MOVIA    0x5
0000011c ff03                MOVAR    0x7c
0000011d e0fc                BCR      STATUS, BK0
0000011e fecd                MOVR     0x32, ToAcc
0000011f ff04                MOVAR    0x7b
00000120 e0fc                BCR      STATUS, BK0
00000121 fecc                MOVR     0x33, ToAcc
00000122 ff05                MOVAR    0x7a
00000123 e0fc                BCR      STATUS, BK0
00000124 fecb                MOVR     0x34, ToAcc
00000125 ff06                MOVAR    0x79
00000126 deef                MOVIA    0x10
00000127 d570                LCALL    0x28f; _CS1630_wr_buffer=0x28f
00000128 d7fc                LCALL    0x3; _CS1630_Clear_All_Irq=0x3
00000129 d34a                LCALL    0x4b5; _CS1630_Flush_Tx=0x4b5
0000012a d367                LCALL    0x498; _CS1630_CE_Low=0x498
0000012b defe                MOVIA    0x1
0000012c d4db                LCALL    0x324; _CS1630_ModeSwitch=0x324
0000012d defb                MOVIA    0x4
0000012e ff06                MOVAR    0x79
0000012f dee2                MOVIA    0x1d
00000130 d403                LCALL    0x3fc; _CS1630_write_byte=0x3fc
00000131 def1                MOVIA    0xe
00000132 ff06                MOVAR    0x79
00000133 deff                MOVIA    0x0
00000134 d403                LCALL    0x3fc; _CS1630_write_byte=0x3fc
00000135 defb                MOVIA    0x4
00000136 ff06                MOVAR    0x79
00000137 dee1                MOVIA    0x1e
00000138 d403                LCALL    0x3fc; _CS1630_write_byte=0x3fc
00000139 fffd                CLRWDT
0000013a ffef                RET
_send_ble_packet:
0000013b e0fc                BCR      STATUS, BK0
0000013c ff56                MOVAR    0x29
0000013d e0fc                BCR      STATUS, BK0
0000013e fa16                INCR     0x69, ToReg
0000013f fe96                MOVR     0x69, ToAcc
00000140 e4fc                BSR      STATUS, BK0
00000141 ff58                MOVAR    0x27
00000142 e0fc                BCR      STATUS, BK0
00000143 fed6                MOVR     0x29, ToAcc
00000144 e4fc                BSR      STATUS, BK0
00000145 ff57                MOVAR    0x28
00000146 d367                LCALL    0x498; _CS1630_CE_Low=0x498
00000147 d34a                LCALL    0x4b5; _CS1630_Flush_Tx=0x4b5
00000148 d7fc                LCALL    0x3; _CS1630_Clear_All_Irq=0x3
00000149 def1                MOVIA    0xe
0000014a ff06                MOVAR    0x79
0000014b deff                MOVIA    0x0
0000014c d403                LCALL    0x3fc; _CS1630_write_byte=0x3fc
0000014d defa                MOVIA    0x5
0000014e d42d                LCALL    0x3d2; _delay_ms=0x3d2
0000014f e0fc                BCR      STATUS, BK0
00000150 fd56                CLRR     0x29
app_tx.o:_02026_DS_:
00000151 e0fc                BCR      STATUS, BK0
00000152 fd55                CLRR     0x2a
app_tx.o:_02016_DS_:
00000153 e0fc                BCR      STATUS, BK0
00000154 fed5                MOVR     0x2a, ToAcc
00000155 da2d                ADDIA    0xd2
00000156 e0fc                BCR      STATUS, BK0
00000157 ff54                MOVAR    0x2b
00000158 defb                MOVIA    0x4
00000159 d9ff                ADCIA    0x0
0000015a e0fc                BCR      STATUS, BK0
0000015b ff53                MOVAR    0x2c
0000015c e0fc                BCR      STATUS, BK0
0000015d fed4                MOVR     0x2b, ToAcc
0000015e ff05                MOVAR    0x7a
0000015f e0fc                BCR      STATUS, BK0
00000160 fed3                MOVR     0x2c, ToAcc
00000161 ff06                MOVAR    0x79
00000162 de7f                MOVIA    0x80
00000163 d416                LCALL    0x3e9; __gptrget=0x3e9
00000164 e0fc                BCR      STATUS, BK0
00000165 ff52                MOVAR    0x2d
00000166 fed2                MOVR     0x2d, ToAcc
00000167 ff06                MOVAR    0x79
00000168 defa                MOVIA    0x5
00000169 d403                LCALL    0x3fc; _CS1630_write_byte=0x3fc
0000016a e0fc                BCR      STATUS, BK0
0000016b fd54                CLRR     0x2b
app_tx.o:_02014_DS_:
0000016c de5f                MOVIA    0xa0
0000016d e0fc                BCR      STATUS, BK0
0000016e ff53                MOVAR    0x2c
0000016f e0fc                BCR      STATUS, BK0
00000170 fd52                CLRR     0x2d
00000171 e0fc                BCR      STATUS, BK0
00000172 fd51                CLRR     0x2e
00000173 deeb                MOVIA    0x14
00000174 ff03                MOVAR    0x7c
00000175 e0fc                BCR      STATUS, BK0
00000176 fed3                MOVR     0x2c, ToAcc
00000177 ff04                MOVAR    0x7b
00000178 e0fc                BCR      STATUS, BK0
00000179 fed2                MOVR     0x2d, ToAcc
0000017a ff05                MOVAR    0x7a
0000017b e0fc                BCR      STATUS, BK0
0000017c fed1                MOVR     0x2e, ToAcc
0000017d ff06                MOVAR    0x79
0000017e de5f                MOVIA    0xa0
0000017f d48c                LCALL    0x373; _CS1630_SendPack=0x373
00000180 d35d                LCALL    0x4a2; _CS1630_CE_High=0x4a2
00000181 d32a                LCALL    0x4d5; _delay_40us=0x4d5
00000182 d367                LCALL    0x498; _CS1630_CE_Low=0x498
app_tx.o:_02009_DS_:
00000183 def8                MOVIA    0x7
00000184 d3c1                LCALL    0x43e; _CS1630_read_byte=0x43e
00000185 e0fc                BCR      STATUS, BK0
00000186 ff53                MOVAR    0x2c
00000187 f153                BTRSC    0x2c, 0x5
00000188 c674                LGOTO    0x18b; app_tx.o:_02005_DS_=0x18b
00000189 f5d3                BTRSS    0x2c, 0x4
0000018a c67c                LGOTO    0x183; app_tx.o:_02009_DS_=0x183
app_tx.o:_02005_DS_:
0000018b e0fc                BCR      STATUS, BK0
0000018c fed3                MOVR     0x2c, ToAcc
0000018d ff06                MOVAR    0x79
0000018e def8                MOVIA    0x7
0000018f d403                LCALL    0x3fc; _CS1630_write_byte=0x3fc
00000190 e0fc                BCR      STATUS, BK0
00000191 fa54                INCR     0x2b, ToReg
00000192 defc                MOVIA    0x3
00000193 fbd4                SUBAR    0x2b, ToAcc
00000194 f7fc                BTRSS    STATUS, C
00000195 c693                LGOTO    0x16c; app_tx.o:_02014_DS_=0x16c
00000196 e0fc                BCR      STATUS, BK0
00000197 fa55                INCR     0x2a, ToReg
00000198 defc                MOVIA    0x3
00000199 fbd5                SUBAR    0x2a, ToAcc
0000019a f7fc                BTRSS    STATUS, C
0000019b c6ac                LGOTO    0x153; app_tx.o:_02016_DS_=0x153
0000019c e0fc                BCR      STATUS, BK0
0000019d fa56                INCR     0x29, ToReg
0000019e defc                MOVIA    0x3
0000019f fbd6                SUBAR    0x29, ToAcc
000001a0 f7fc                BTRSS    STATUS, C
000001a1 c6ae                LGOTO    0x151; app_tx.o:_02026_DS_=0x151
000001a2 fffd                CLRWDT
000001a3 deff                MOVIA    0x0
000001a4 ff06                MOVAR    0x79
000001a5 deff                MOVIA    0x0
000001a6 d403                LCALL    0x3fc; _CS1630_write_byte=0x3fc
000001a7 defe                MOVIA    0x1
000001a8 d42d                LCALL    0x3d2; _delay_ms=0x3d2
000001a9 ffef                RET
_SPI_SendByte:
000001aa e0fc                BCR      STATUS, BK0
000001ab ff28                MOVAR    0x57
000001ac fdff                CLRA
000001ad fff9                IOST     IOSTB
000001ae e0fc                BCR      STATUS, BK0
000001af fd27                CLRR     0x58
000001b0 e0fc                BCR      STATUS, BK0
000001b1 fd26                CLRR     0x59
bsp_spi.o:_02035_DS_:
000001b2 e0fc                BCR      STATUS, BK0
000001b3 f428                BTRSS    0x57, 0x7
000001b4 c646                LGOTO    0x1b9; bsp_spi.o:_02039_DS_=0x1b9
000001b5 defe                MOVIA    0x1
000001b6 e0fc                BCR      STATUS, BK0
000001b7 ff25                MOVAR    0x5a
000001b8 c644                LGOTO    0x1bb; bsp_spi.o:_02040_DS_=0x1bb
bsp_spi.o:_02039_DS_:
000001b9 e0fc                BCR      STATUS, BK0
000001ba fd25                CLRR     0x5a
bsp_spi.o:_02040_DS_:
000001bb ffff                NOP
000001bc ffff                NOP
000001bd ffff                NOP
000001be e3fa                BCR      PORTA, PA0
000001bf ffff                NOP
000001c0 ffff                NOP
000001c1 ffff                NOP
000001c2 e0fc                BCR      STATUS, BK0
000001c3 fea5                MOVR     0x5a, ToAcc
000001c4 f2fc                BTRSC    STATUS, Z
000001c5 c631                LGOTO    0x1ce; bsp_spi.o:_02019_DS_=0x1ce
000001c6 ffff                NOP
000001c7 ffff                NOP
000001c8 ffff                NOP
000001c9 e579                BSR      PORTB, PB5
000001ca ffff                NOP
000001cb ffff                NOP
000001cc ffff                NOP
000001cd c62a                LGOTO    0x1d5; bsp_spi.o:_02025_DS_=0x1d5
bsp_spi.o:_02019_DS_:
000001ce ffff                NOP
000001cf ffff                NOP
000001d0 ffff                NOP
000001d1 e179                BCR      PORTB, PB5
000001d2 ffff                NOP
000001d3 ffff                NOP
000001d4 ffff                NOP
bsp_spi.o:_02025_DS_:
000001d5 ffff                NOP
000001d6 ffff                NOP
000001d7 ffff                NOP
000001d8 e7fa                BSR      PORTA, PA0
000001d9 ffff                NOP
000001da ffff                NOP
000001db ffff                NOP
000001dc ffff                NOP
000001dd ffff                NOP
000001de ffff                NOP
000001df e3fc                BCR      STATUS, C
000001e0 e0fc                BCR      STATUS, BK0
000001e1 eb28                RLR      0x57, ToReg
000001e2 e0fc                BCR      STATUS, BK0
000001e3 fa27                INCR     0x58, ToReg
000001e4 f6fc                BTRSS    STATUS, Z
000001e5 c617                LGOTO    0x1e8; bsp_spi.o:_00001_DS_=0x1e8
000001e6 e0fc                BCR      STATUS, BK0
000001e7 fa26                INCR     0x59, ToReg
bsp_spi.o:_00001_DS_:
000001e8 e0fc                BCR      STATUS, BK0
000001e9 fea6                MOVR     0x59, ToAcc
000001ea da7f                ADDIA    0x80
000001eb da7f                ADDIA    0x80
000001ec f6fc                BTRSS    STATUS, Z
000001ed c60e                LGOTO    0x1f1; bsp_spi.o:_02058_DS_=0x1f1
000001ee def7                MOVIA    0x8
000001ef e0fc                BCR      STATUS, BK0
000001f0 fba7                SUBAR    0x58, ToAcc
bsp_spi.o:_02058_DS_:
000001f1 f7fc                BTRSS    STATUS, C
000001f2 c64d                LGOTO    0x1b2; bsp_spi.o:_02035_DS_=0x1b2
000001f3 ffff                NOP
000001f4 ffff                NOP
000001f5 ffff                NOP
000001f6 e179                BCR      PORTB, PB5
000001f7 ffff                NOP
000001f8 ffff                NOP
000001f9 ffff                NOP
000001fa ffff                NOP
000001fb ffff                NOP
000001fc ffff                NOP
000001fd e3fa                BCR      PORTA, PA0
000001fe ffff                NOP
000001ff ffff                NOP
00000200 ffff                NOP
00000201 ffff                NOP
00000202 ffff                NOP
00000203 ffff                NOP
00000204 ffff                NOP
00000205 ffff                NOP
00000206 ffff                NOP
00000207 ffff                NOP
00000208 ffff                NOP
00000209 ffff                NOP
0000020a ffef                RET
_CS1630_Soft_Rst:
0000020b defe                MOVIA    0x1
0000020c d444                LCALL    0x3bb; _CS1630_Bank_Switch=0x3bb
0000020d deda                MOVIA    0x25
0000020e e0fc                BCR      STATUS, BK0
0000020f ff50                MOVAR    0x2f
00000210 e0fc                BCR      STATUS, BK0
00000211 fd4f                CLRR     0x30
00000212 e0fc                BCR      STATUS, BK0
00000213 fd4e                CLRR     0x31
00000214 defb                MOVIA    0x4
00000215 ff03                MOVAR    0x7c
00000216 e0fc                BCR      STATUS, BK0
00000217 fed0                MOVR     0x2f, ToAcc
00000218 ff04                MOVAR    0x7b
00000219 e0fc                BCR      STATUS, BK0
0000021a fecf                MOVR     0x30, ToAcc
0000021b ff05                MOVAR    0x7a
0000021c e0fc                BCR      STATUS, BK0
0000021d fece                MOVR     0x31, ToAcc
0000021e ff06                MOVAR    0x79
0000021f defe                MOVIA    0x1
00000220 d5ab                LCALL    0x254; _CS1630_read_buffer=0x254
00000221 e0fc                BCR      STATUS, BK0
00000222 fed7                MOVR     0x28, ToAcc
00000223 e0fc                BCR      STATUS, BK0
00000224 ff50                MOVAR    0x2f
00000225 e450                BSR      0x2f, 0x7
00000226 fed0                MOVR     0x2f, ToAcc
00000227 e0fc                BCR      STATUS, BK0
00000228 ff57                MOVAR    0x28
00000229 deda                MOVIA    0x25
0000022a e0fc                BCR      STATUS, BK0
0000022b ff50                MOVAR    0x2f
0000022c e0fc                BCR      STATUS, BK0
0000022d fd4f                CLRR     0x30
0000022e e0fc                BCR      STATUS, BK0
0000022f fd4e                CLRR     0x31
00000230 defb                MOVIA    0x4
00000231 ff03                MOVAR    0x7c
00000232 e0fc                BCR      STATUS, BK0
00000233 fed0                MOVR     0x2f, ToAcc
00000234 ff04                MOVAR    0x7b
00000235 e0fc                BCR      STATUS, BK0
00000236 fecf                MOVR     0x30, ToAcc
00000237 ff05                MOVAR    0x7a
00000238 e0fc                BCR      STATUS, BK0
00000239 fece                MOVR     0x31, ToAcc
0000023a ff06                MOVAR    0x79
0000023b defe                MOVIA    0x1
0000023c d570                LCALL    0x28f; _CS1630_wr_buffer=0x28f
0000023d deda                MOVIA    0x25
0000023e e0fc                BCR      STATUS, BK0
0000023f ff50                MOVAR    0x2f
00000240 e0fc                BCR      STATUS, BK0
00000241 fd4f                CLRR     0x30
00000242 e0fc                BCR      STATUS, BK0
00000243 fd4e                CLRR     0x31
00000244 defb                MOVIA    0x4
00000245 ff03                MOVAR    0x7c
00000246 e0fc                BCR      STATUS, BK0
00000247 fed0                MOVR     0x2f, ToAcc
00000248 ff04                MOVAR    0x7b
00000249 e0fc                BCR      STATUS, BK0
0000024a fecf                MOVR     0x30, ToAcc
0000024b ff05                MOVAR    0x7a
0000024c e0fc                BCR      STATUS, BK0
0000024d fece                MOVR     0x31, ToAcc
0000024e ff06                MOVAR    0x79
0000024f defe                MOVIA    0x1
00000250 d5ab                LCALL    0x254; _CS1630_read_buffer=0x254
00000251 deff                MOVIA    0x0
00000252 d444                LCALL    0x3bb; _CS1630_Bank_Switch=0x3bb
00000253 ffef                RET
_CS1630_read_buffer:
00000254 e0fc                BCR      STATUS, BK0
00000255 ff49                MOVAR    0x36
00000256 fe86                MOVR     0x79, ToAcc
00000257 e0fc                BCR      STATUS, BK0
00000258 ff46                MOVAR    0x39
00000259 fe85                MOVR     0x7a, ToAcc
0000025a e0fc                BCR      STATUS, BK0
0000025b ff47                MOVAR    0x38
0000025c fe84                MOVR     0x7b, ToAcc
0000025d e0fc                BCR      STATUS, BK0
0000025e ff48                MOVAR    0x37
0000025f fe83                MOVR     0x7c, ToAcc
00000260 e0fc                BCR      STATUS, BK0
00000261 ff45                MOVAR    0x3a
00000262 e37a                BCR      PORTA, PA1
00000263 e0fc                BCR      STATUS, BK0
00000264 fec9                MOVR     0x36, ToAcc
00000265 d655                LCALL    0x1aa; _SPI_SendByte=0x1aa
bsp_cs1630.o:_02014_DS_:
00000266 e0fc                BCR      STATUS, BK0
00000267 fec5                MOVR     0x3a, ToAcc
00000268 e0fc                BCR      STATUS, BK0
00000269 ff49                MOVAR    0x36
0000026a e0fc                BCR      STATUS, BK0
0000026b f945                DECR     0x3a, ToReg
0000026c e0fc                BCR      STATUS, BK0
0000026d fec9                MOVR     0x36, ToAcc
0000026e f2fc                BTRSC    STATUS, Z
0000026f c576                LGOTO    0x289; bsp_cs1630.o:_02016_DS_=0x289
00000270 d507                LCALL    0x2f8; _SPI_ReadByte=0x2f8
00000271 e0fc                BCR      STATUS, BK0
00000272 ff49                MOVAR    0x36
00000273 fec9                MOVR     0x36, ToAcc
00000274 ff04                MOVAR    0x7b
00000275 e0fc                BCR      STATUS, BK0
00000276 fec8                MOVR     0x37, ToAcc
00000277 ff05                MOVAR    0x7a
00000278 e0fc                BCR      STATUS, BK0
00000279 fec7                MOVR     0x38, ToAcc
0000027a ff06                MOVAR    0x79
0000027b e0fc                BCR      STATUS, BK0
0000027c fec6                MOVR     0x39, ToAcc
0000027d d37e                LCALL    0x481; __gptrput=0x481
0000027e e0fc                BCR      STATUS, BK0
0000027f fa48                INCR     0x37, ToReg
00000280 f6fc                BTRSS    STATUS, Z
00000281 c57b                LGOTO    0x284; bsp_cs1630.o:_00003_DS_=0x284
00000282 e0fc                BCR      STATUS, BK0
00000283 fa47                INCR     0x38, ToReg
bsp_cs1630.o:_00003_DS_:
00000284 f6fc                BTRSS    STATUS, Z
00000285 c577                LGOTO    0x288; bsp_cs1630.o:_00004_DS_=0x288
00000286 e0fc                BCR      STATUS, BK0
00000287 fa46                INCR     0x39, ToReg
bsp_cs1630.o:_00004_DS_:
00000288 c599                LGOTO    0x266; bsp_cs1630.o:_02014_DS_=0x266
bsp_cs1630.o:_02016_DS_:
00000289 defe                MOVIA    0x1
0000028a d3d1                LCALL    0x42e; _delay_us=0x42e
0000028b e77a                BSR      PORTA, PA1
0000028c defe                MOVIA    0x1
0000028d d3d1                LCALL    0x42e; _delay_us=0x42e
0000028e ffef                RET
_CS1630_wr_buffer:
0000028f e0fc                BCR      STATUS, BK0
00000290 ff41                MOVAR    0x3e
00000291 fe86                MOVR     0x79, ToAcc
00000292 e0fc                BCR      STATUS, BK0
00000293 ff3e                MOVAR    0x41
00000294 fe85                MOVR     0x7a, ToAcc
00000295 e0fc                BCR      STATUS, BK0
00000296 ff3f                MOVAR    0x40
00000297 fe84                MOVR     0x7b, ToAcc
00000298 e0fc                BCR      STATUS, BK0
00000299 ff40                MOVAR    0x3f
0000029a fe83                MOVR     0x7c, ToAcc
0000029b e0fc                BCR      STATUS, BK0
0000029c ff3d                MOVAR    0x42
0000029d e37a                BCR      PORTA, PA1
0000029e e0fc                BCR      STATUS, BK0
0000029f e541                BSR      0x3e, 0x5
000002a0 fec1                MOVR     0x3e, ToAcc
000002a1 d655                LCALL    0x1aa; _SPI_SendByte=0x1aa
bsp_cs1630.o:_02029_DS_:
000002a2 e0fc                BCR      STATUS, BK0
000002a3 febd                MOVR     0x42, ToAcc
000002a4 e0fc                BCR      STATUS, BK0
000002a5 ff41                MOVAR    0x3e
000002a6 e0fc                BCR      STATUS, BK0
000002a7 f93d                DECR     0x42, ToReg
000002a8 e0fc                BCR      STATUS, BK0
000002a9 fec1                MOVR     0x3e, ToAcc
000002aa f2fc                BTRSC    STATUS, Z
000002ab c53a                LGOTO    0x2c5; bsp_cs1630.o:_02032_DS_=0x2c5
000002ac e0fc                BCR      STATUS, BK0
000002ad fec0                MOVR     0x3f, ToAcc
000002ae ff05                MOVAR    0x7a
000002af e0fc                BCR      STATUS, BK0
000002b0 febf                MOVR     0x40, ToAcc
000002b1 ff06                MOVAR    0x79
000002b2 e0fc                BCR      STATUS, BK0
000002b3 febe                MOVR     0x41, ToAcc
000002b4 d416                LCALL    0x3e9; __gptrget=0x3e9
000002b5 e0fc                BCR      STATUS, BK0
000002b6 ff41                MOVAR    0x3e
000002b7 e0fc                BCR      STATUS, BK0
000002b8 fa40                INCR     0x3f, ToReg
000002b9 f6fc                BTRSS    STATUS, Z
000002ba c542                LGOTO    0x2bd; bsp_cs1630.o:_00001_DS_=0x2bd
000002bb e0fc                BCR      STATUS, BK0
000002bc fa3f                INCR     0x40, ToReg
bsp_cs1630.o:_00001_DS_:
000002bd f6fc                BTRSS    STATUS, Z
000002be c53e                LGOTO    0x2c1; bsp_cs1630.o:_00002_DS_=0x2c1
000002bf e0fc                BCR      STATUS, BK0
000002c0 fa3e                INCR     0x41, ToReg
bsp_cs1630.o:_00002_DS_:
000002c1 e0fc                BCR      STATUS, BK0
000002c2 fec1                MOVR     0x3e, ToAcc
000002c3 d655                LCALL    0x1aa; _SPI_SendByte=0x1aa
000002c4 c55d                LGOTO    0x2a2; bsp_cs1630.o:_02029_DS_=0x2a2
bsp_cs1630.o:_02032_DS_:
000002c5 e77a                BSR      PORTA, PA1
000002c6 defe                MOVIA    0x1
000002c7 d3d1                LCALL    0x42e; _delay_us=0x42e
000002c8 ffef                RET
___cinit_load__:
___cinit_run__:
000002c9 e0fc                BCR      STATUS, BK0
000002ca fd16                CLRR     0x69
000002cb fd15                CLRR     0x6a
000002cc fd14                CLRR     0x6b
000002cd e4fc                BSR      STATUS, BK0
000002ce fd58                CLRR     0x27
000002cf fd57                CLRR     0x28
000002d0 fd4b                CLRR     0x34
000002d1 fd4a                CLRR     0x35
000002d2 fd49                CLRR     0x36
000002d3 fd48                CLRR     0x37
000002d4 fd47                CLRR     0x38
000002d5 fd46                CLRR     0x39
000002d6 fd45                CLRR     0x3a
000002d7 fd44                CLRR     0x3b
000002d8 fd43                CLRR     0x3c
000002d9 fd42                CLRR     0x3d
000002da fd41                CLRR     0x3e
000002db fd40                CLRR     0x3f
000002dc defe                MOVIA    0x1
000002dd ff5e                MOVAR    0x21
000002de defd                MOVIA    0x2
000002df ff5f                MOVAR    0x20
000002e0 def9                MOVIA    0x6
000002e1 ff5d                MOVAR    0x22
000002e2 deef                MOVIA    0x10
000002e3 ff5c                MOVAR    0x23
000002e4 deba                MOVIA    0x45
000002e5 ff59                MOVAR    0x26
000002e6 deab                MOVIA    0x54
000002e7 ff5a                MOVAR    0x25
000002e8 de55                MOVIA    0xaa
000002e9 ff55                MOVAR    0x2a
000002ea de40                MOVIA    0xbf
000002eb ff56                MOVAR    0x29
000002ec de00                MOVIA    0xff
000002ed ff5b                MOVAR    0x24
000002ee ff54                MOVAR    0x2b
000002ef ff53                MOVAR    0x2c
000002f0 ff52                MOVAR    0x2d
000002f1 ff51                MOVAR    0x2e
000002f2 ff50                MOVAR    0x2f
000002f3 ff4f                MOVAR    0x30
000002f4 ff4e                MOVAR    0x31
000002f5 ff4d                MOVAR    0x32
000002f6 ff4c                MOVAR    0x33
000002f7 ffef                RET
_SPI_ReadByte:
000002f8 e0fc                BCR      STATUS, BK0
000002f9 fd24                CLRR     0x5b
000002fa dedf                MOVIA    0x20
000002fb fff9                IOST     IOSTB
000002fc e0fc                BCR      STATUS, BK0
000002fd fd23                CLRR     0x5c
bsp_spi.o:_02070_DS_:
000002fe e3fc                BCR      STATUS, C
000002ff e0fc                BCR      STATUS, BK0
00000300 eba4                RLR      0x5b, ToAcc
00000301 e0fc                BCR      STATUS, BK0
00000302 ff22                MOVAR    0x5d
00000303 ffff                NOP
00000304 ffff                NOP
00000305 ffff                NOP
00000306 e7fa                BSR      PORTA, PA0
00000307 ffff                NOP
00000308 ffff                NOP
00000309 ffff                NOP
0000030a e0fc                BCR      STATUS, BK0
0000030b fd21                CLRR     0x5e
0000030c f179                BTRSC    PORTB, PB5
0000030d fa21                INCR     0x5e, ToReg
0000030e fea1                MOVR     0x5e, ToAcc
0000030f e0fc                BCR      STATUS, BK0
00000310 eea2                IORAR    0x5d, ToAcc
00000311 e0fc                BCR      STATUS, BK0
00000312 ff24                MOVAR    0x5b
00000313 ffff                NOP
00000314 ffff                NOP
00000315 ffff                NOP
00000316 e3fa                BCR      PORTA, PA0
00000317 ffff                NOP
00000318 ffff                NOP
00000319 ffff                NOP
0000031a ffff                NOP
0000031b e0fc                BCR      STATUS, BK0
0000031c fa23                INCR     0x5c, ToReg
0000031d def7                MOVIA    0x8
0000031e fba3                SUBAR    0x5c, ToAcc
0000031f f7fc                BTRSS    STATUS, C
00000320 c501                LGOTO    0x2fe; bsp_spi.o:_02070_DS_=0x2fe
00000321 e0fc                BCR      STATUS, BK0
00000322 fea4                MOVR     0x5b, ToAcc
00000323 ffef                RET
_CS1630_ModeSwitch:
00000324 e0fc                BCR      STATUS, BK0
00000325 ff32                MOVAR    0x4d
00000326 deff                MOVIA    0x0
00000327 d3c1                LCALL    0x43e; _CS1630_read_byte=0x43e
00000328 e0fc                BCR      STATUS, BK0
00000329 ff31                MOVAR    0x4e
0000032a e0fc                BCR      STATUS, BK0
0000032b feb2                MOVR     0x4d, ToAcc
0000032c f2fc                BTRSC    STATUS, Z
0000032d c4cb                LGOTO    0x334; bsp_cs1630.o:_02061_DS_=0x334
0000032e de01                MOVIA    0xfe
0000032f e0fc                BCR      STATUS, BK0
00000330 efb1                ANDAR    0x4e, ToAcc
00000331 e0fc                BCR      STATUS, BK0
00000332 ff30                MOVAR    0x4f
00000333 c4c6                LGOTO    0x339; bsp_cs1630.o:_02062_DS_=0x339
bsp_cs1630.o:_02061_DS_:
00000334 defe                MOVIA    0x1
00000335 e0fc                BCR      STATUS, BK0
00000336 eeb1                IORAR    0x4e, ToAcc
00000337 e0fc                BCR      STATUS, BK0
00000338 ff30                MOVAR    0x4f
bsp_cs1630.o:_02062_DS_:
00000339 e0fc                BCR      STATUS, BK0
0000033a feb0                MOVR     0x4f, ToAcc
0000033b ff06                MOVAR    0x79
0000033c deff                MOVIA    0x0
0000033d d403                LCALL    0x3fc; _CS1630_write_byte=0x3fc
0000033e e0fc                BCR      STATUS, BK0
0000033f feb2                MOVR     0x4d, ToAcc
00000340 dbfd                XORIA    0x2
00000341 f6fc                BTRSS    STATUS, Z
00000342 c4b3                LGOTO    0x34c; bsp_cs1630.o:_02065_DS_=0x34c
00000343 def9                MOVIA    0x6
00000344 d3c1                LCALL    0x43e; _CS1630_read_byte=0x43e
00000345 e0fc                BCR      STATUS, BK0
00000346 ff32                MOVAR    0x4d
00000347 e432                BSR      0x4d, 0x7
00000348 feb2                MOVR     0x4d, ToAcc
00000349 ff06                MOVAR    0x79
0000034a def9                MOVIA    0x6
0000034b d403                LCALL    0x3fc; _CS1630_write_byte=0x3fc
bsp_cs1630.o:_02065_DS_:
0000034c ffef                RET
_isr:
main.o:__sdcc_interrupt:
0000034d ff02                MOVAR    0x7d
0000034e eafc                SWAPR    STATUS, ToAcc
0000034f fd7c                CLRR     STATUS
00000350 ff01                MOVAR    0x7e
00000351 fef5                MOVR     PCHBUF, ToAcc
00000352 fd75                CLRR     PCHBUF
00000353 ff00                MOVAR    0x7f
00000354 fefb                MOVR     FSR, ToAcc
00000355 e0fc                BCR      STATUS, BK0
00000356 ff19                MOVAR    0x66
00000357 fe86                MOVR     0x79, ToAcc
00000358 e0fc                BCR      STATUS, BK0
00000359 ff18                MOVAR    0x67
0000035a fe85                MOVR     0x7a, ToAcc
0000035b e0fc                BCR      STATUS, BK0
0000035c ff17                MOVAR    0x68
0000035d f770                BTRSS    INTF, PABIF
0000035e c49d                LGOTO    0x362; main.o:_02040_DS_=0x362
0000035f d324                LCALL    0x4db; _open_WDT=0x4db
00000360 de02                MOVIA    0xfd
00000361 ff70                MOVAR    INTF
main.o:_02040_DS_:
00000362 e0fc                BCR      STATUS, BK0
00000363 fe97                MOVR     0x68, ToAcc
00000364 ff05                MOVAR    0x7a
00000365 e0fc                BCR      STATUS, BK0
00000366 fe98                MOVR     0x67, ToAcc
00000367 ff06                MOVAR    0x79
00000368 e0fc                BCR      STATUS, BK0
00000369 fe99                MOVR     0x66, ToAcc
0000036a ff7b                MOVAR    FSR
0000036b fe80                MOVR     0x7f, ToAcc
0000036c ff75                MOVAR    PCHBUF
0000036d fd7c                CLRR     STATUS
0000036e ea81                SWAPR    0x7e, ToAcc
0000036f ff7c                MOVAR    STATUS
00000370 ea02                SWAPR    0x7d, ToReg
00000371 ea82                SWAPR    0x7d, ToAcc
main.o:END_OF_INTERRUPT:
00000372 ffee                RETIE
_CS1630_SendPack:
00000373 e0fc                BCR      STATUS, BK0
00000374 ff38                MOVAR    0x47
00000375 fe86                MOVR     0x79, ToAcc
00000376 e0fc                BCR      STATUS, BK0
00000377 ff35                MOVAR    0x4a
00000378 fe85                MOVR     0x7a, ToAcc
00000379 e0fc                BCR      STATUS, BK0
0000037a ff36                MOVAR    0x49
0000037b fe84                MOVR     0x7b, ToAcc
0000037c e0fc                BCR      STATUS, BK0
0000037d ff37                MOVAR    0x48
0000037e fe83                MOVR     0x7c, ToAcc
0000037f e0fc                BCR      STATUS, BK0
00000380 ff34                MOVAR    0x4b
00000381 def8                MOVIA    0x7
00000382 d3c1                LCALL    0x43e; _CS1630_read_byte=0x43e
00000383 e0fc                BCR      STATUS, BK0
00000384 ff33                MOVAR    0x4c
00000385 f3b3                BTRSC    0x4c, 0x0
00000386 c469                LGOTO    0x396; bsp_cs1630.o:_02055_DS_=0x396
00000387 e0fc                BCR      STATUS, BK0
00000388 feb4                MOVR     0x4b, ToAcc
00000389 ff03                MOVAR    0x7c
0000038a e0fc                BCR      STATUS, BK0
0000038b feb7                MOVR     0x48, ToAcc
0000038c ff04                MOVAR    0x7b
0000038d e0fc                BCR      STATUS, BK0
0000038e feb6                MOVR     0x49, ToAcc
0000038f ff05                MOVAR    0x7a
00000390 e0fc                BCR      STATUS, BK0
00000391 feb5                MOVR     0x4a, ToAcc
00000392 ff06                MOVAR    0x79
00000393 e0fc                BCR      STATUS, BK0
00000394 feb8                MOVR     0x47, ToAcc
00000395 d570                LCALL    0x28f; _CS1630_wr_buffer=0x28f
bsp_cs1630.o:_02055_DS_:
00000396 ffef                RET
_sleep_count:
00000397 e0fc                BCR      STATUS, BK0
00000398 ff1b                MOVAR    0x64
00000399 fe9b                MOVR     0x64, ToAcc
0000039a f6fc                BTRSS    STATUS, Z
0000039b c45f                LGOTO    0x3a0; main.o:_02022_DS_=0x3a0
0000039c e0fc                BCR      STATUS, BK0
0000039d fd15                CLRR     0x6a
0000039e e0fc                BCR      STATUS, BK0
0000039f fd14                CLRR     0x6b
main.o:_02022_DS_:
000003a0 e0fc                BCR      STATUS, BK0
000003a1 fe95                MOVR     0x6a, ToAcc
000003a2 e0fc                BCR      STATUS, BK0
000003a3 ff1b                MOVAR    0x64
000003a4 fa9b                INCR     0x64, ToAcc
000003a5 e0fc                BCR      STATUS, BK0
000003a6 ff15                MOVAR    0x6a
000003a7 de00                MOVIA    0xff
000003a8 fb95                SUBAR    0x6a, ToAcc
000003a9 f7fc                BTRSS    STATUS, C
000003aa c44c                LGOTO    0x3b3; main.o:_02024_DS_=0x3b3
000003ab fd15                CLRR     0x6a
000003ac e0fc                BCR      STATUS, BK0
000003ad fe94                MOVR     0x6b, ToAcc
000003ae e0fc                BCR      STATUS, BK0
000003af ff1b                MOVAR    0x64
000003b0 fa9b                INCR     0x64, ToAcc
000003b1 e0fc                BCR      STATUS, BK0
000003b2 ff14                MOVAR    0x6b
main.o:_02024_DS_:
000003b3 dee1                MOVIA    0x1e
000003b4 e0fc                BCR      STATUS, BK0
000003b5 fb94                SUBAR    0x6b, ToAcc
000003b6 f7fc                BTRSS    STATUS, C
000003b7 c445                LGOTO    0x3ba; main.o:_02027_DS_=0x3ba
000003b8 fd14                CLRR     0x6b
000003b9 d33d                LCALL    0x4c2; _go_to_sleep=0x4c2
main.o:_02027_DS_:
000003ba ffef                RET
_CS1630_Bank_Switch:
000003bb e0fc                BCR      STATUS, BK0
000003bc ff3a                MOVAR    0x45
000003bd def8                MOVIA    0x7
000003be d3c1                LCALL    0x43e; _CS1630_read_byte=0x43e
000003bf e0fc                BCR      STATUS, BK0
000003c0 ff39                MOVAR    0x46
000003c1 e0fc                BCR      STATUS, BK0
000003c2 feba                MOVR     0x45, ToAcc
000003c3 f2fc                BTRSC    STATUS, Z
000003c4 c435                LGOTO    0x3ca; bsp_cs1630.o:_02046_DS_=0x3ca
000003c5 deac                MOVIA    0x53
000003c6 ff06                MOVAR    0x79
000003c7 deaf                MOVIA    0x50
000003c8 d3e1                LCALL    0x41e; _CS1630_wr_cmd=0x41e
000003c9 c42e                LGOTO    0x3d1; bsp_cs1630.o:_02048_DS_=0x3d1
bsp_cs1630.o:_02046_DS_:
000003ca e0fc                BCR      STATUS, BK0
000003cb f439                BTRSS    0x46, 0x7
000003cc c42e                LGOTO    0x3d1; bsp_cs1630.o:_02048_DS_=0x3d1
000003cd deac                MOVIA    0x53
000003ce ff06                MOVAR    0x79
000003cf deaf                MOVIA    0x50
000003d0 d3e1                LCALL    0x41e; _CS1630_wr_cmd=0x41e
bsp_cs1630.o:_02048_DS_:
000003d1 ffef                RET
_delay_ms:
000003d2 e0fc                BCR      STATUS, BK0
000003d3 ff2d                MOVAR    0x52
000003d4 e0fc                BCR      STATUS, BK0
000003d5 fd2c                CLRR     0x53
bsp_delay.o:_02011_DS_:
000003d6 e0fc                BCR      STATUS, BK0
000003d7 fead                MOVR     0x52, ToAcc
000003d8 e0fc                BCR      STATUS, BK0
000003d9 fbac                SUBAR    0x53, ToAcc
000003da f3fc                BTRSC    STATUS, C
000003db c417                LGOTO    0x3e8; bsp_delay.o:_02013_DS_=0x3e8
000003dc de01                MOVIA    0xfe
000003dd e0fc                BCR      STATUS, BK0
000003de ff2b                MOVAR    0x54
bsp_delay.o:_02009_DS_:
000003df ffff                NOP
000003e0 e0fc                BCR      STATUS, BK0
000003e1 f92b                DECR     0x54, ToReg
000003e2 feab                MOVR     0x54, ToAcc
000003e3 f6fc                BTRSS    STATUS, Z
000003e4 c420                LGOTO    0x3df; bsp_delay.o:_02009_DS_=0x3df
000003e5 e0fc                BCR      STATUS, BK0
000003e6 fa2c                INCR     0x53, ToReg
000003e7 c429                LGOTO    0x3d6; bsp_delay.o:_02011_DS_=0x3d6
bsp_delay.o:_02013_DS_:
000003e8 ffef                RET
__gptrget:
__gptrget1:
000003e9 dbff                XORIA    0x0
000003ea f2fc                BTRSC    STATUS, Z
000003eb c40f                LGOTO    0x3f0; _gptrget1.o:__dataptrget1=0x3f0
000003ec db7f                XORIA    0x80
000003ed f2fc                BTRSC    STATUS, Z
000003ee c408                LGOTO    0x3f7; __codeptrget1=0x3f7
000003ef dfff                RETIA    0x0
_gptrget1.o:__dataptrget1:
000003f0 fe85                MOVR     0x7a, ToAcc
000003f1 ff7b                MOVAR    FSR
000003f2 e0fc                BCR      STATUS, BK0
000003f3 f005                BTRSC    0x7a, 0x7
000003f4 e4fc                BSR      STATUS, BK0
000003f5 feff                MOVR     INDF, ToAcc
000003f6 ffef                RET
__codeptrget1:
000003f7 fe86                MOVR     0x79, ToAcc
000003f8 ffb8                SFUN     TBHP
000003f9 fe85                MOVR     0x7a, ToAcc
000003fa fdee                TABLEA
000003fb ffef                RET
_CS1630_write_byte:
000003fc e0fc                BCR      STATUS, BK0
000003fd ff43                MOVAR    0x3c
000003fe fe86                MOVR     0x79, ToAcc
000003ff e0fc                BCR      STATUS, BK0
00000400 ff42                MOVAR    0x3d
00000401 e37a                BCR      PORTA, PA1
00000402 e0fc                BCR      STATUS, BK0
00000403 e543                BSR      0x3c, 0x5
00000404 fec3                MOVR     0x3c, ToAcc
00000405 d655                LCALL    0x1aa; _SPI_SendByte=0x1aa
00000406 e0fc                BCR      STATUS, BK0
00000407 fec2                MOVR     0x3d, ToAcc
00000408 d655                LCALL    0x1aa; _SPI_SendByte=0x1aa
00000409 e77a                BSR      PORTA, PA1
0000040a defe                MOVIA    0x1
0000040b d3d1                LCALL    0x42e; _delay_us=0x42e
0000040c ffef                RET
_led_open:
0000040d e0fc                BCR      STATUS, BK0
0000040e fd20                CLRR     0x5f
key.o:_02019_DS_:
0000040f de37                MOVIA    0xc8
00000410 e0fc                BCR      STATUS, BK0
00000411 fba0                SUBAR    0x5f, ToAcc
00000412 f3fc                BTRSC    STATUS, C
00000413 c3e2                LGOTO    0x41d; key.o:_02021_DS_=0x41d
00000414 e5f9                BSR      PORTB, PB4
00000415 defa                MOVIA    0x5
00000416 d3d1                LCALL    0x42e; _delay_us=0x42e
00000417 e1f9                BCR      PORTB, PB4
00000418 def0                MOVIA    0xf
00000419 d3d1                LCALL    0x42e; _delay_us=0x42e
0000041a e0fc                BCR      STATUS, BK0
0000041b fa20                INCR     0x5f, ToReg
0000041c c3f0                LGOTO    0x40f; key.o:_02019_DS_=0x40f
key.o:_02021_DS_:
0000041d ffef                RET
_CS1630_wr_cmd:
0000041e e0fc                BCR      STATUS, BK0
0000041f ff3c                MOVAR    0x43
00000420 fe86                MOVR     0x79, ToAcc
00000421 e0fc                BCR      STATUS, BK0
00000422 ff3b                MOVAR    0x44
00000423 e37a                BCR      PORTA, PA1
00000424 e0fc                BCR      STATUS, BK0
00000425 febc                MOVR     0x43, ToAcc
00000426 d655                LCALL    0x1aa; _SPI_SendByte=0x1aa
00000427 e0fc                BCR      STATUS, BK0
00000428 febb                MOVR     0x44, ToAcc
00000429 d655                LCALL    0x1aa; _SPI_SendByte=0x1aa
0000042a e77a                BSR      PORTA, PA1
0000042b defe                MOVIA    0x1
0000042c d3d1                LCALL    0x42e; _delay_us=0x42e
0000042d ffef                RET
_delay_us:
0000042e e0fc                BCR      STATUS, BK0
0000042f ff2a                MOVAR    0x55
00000430 defe                MOVIA    0x1
00000431 e0fc                BCR      STATUS, BK0
00000432 ff29                MOVAR    0x56
bsp_delay.o:_02024_DS_:
00000433 e0fc                BCR      STATUS, BK0
00000434 fea9                MOVR     0x56, ToAcc
00000435 e0fc                BCR      STATUS, BK0
00000436 fbaa                SUBAR    0x55, ToAcc
00000437 f7fc                BTRSS    STATUS, C
00000438 c3c2                LGOTO    0x43d; bsp_delay.o:_02026_DS_=0x43d
00000439 ffff                NOP
0000043a e0fc                BCR      STATUS, BK0
0000043b fa29                INCR     0x56, ToReg
0000043c c3cc                LGOTO    0x433; bsp_delay.o:_02024_DS_=0x433
bsp_delay.o:_02026_DS_:
0000043d ffef                RET
_CS1630_read_byte:
0000043e e0fc                BCR      STATUS, BK0
0000043f ff44                MOVAR    0x3b
00000440 e37a                BCR      PORTA, PA1
00000441 fec4                MOVR     0x3b, ToAcc
00000442 d655                LCALL    0x1aa; _SPI_SendByte=0x1aa
00000443 d507                LCALL    0x2f8; _SPI_ReadByte=0x2f8
00000444 e0fc                BCR      STATUS, BK0
00000445 ff44                MOVAR    0x3b
00000446 e77a                BSR      PORTA, PA1
00000447 defe                MOVIA    0x1
00000448 d3d1                LCALL    0x42e; _delay_us=0x42e
00000449 e0fc                BCR      STATUS, BK0
0000044a fec4                MOVR     0x3b, ToAcc
0000044b ffef                RET
_RF_softSPI_Init:
0000044c fdff                CLRA
0000044d fffa                IOST     IOSTA
0000044e fdff                CLRA
0000044f fffa                IOST     IOSTA
00000450 fdff                CLRA
00000451 fff9                IOST     IOSTB
00000452 ffff                NOP
00000453 ffff                NOP
00000454 ffff                NOP
00000455 e37a                BCR      PORTA, PA1
00000456 ffff                NOP
00000457 ffff                NOP
00000458 ffff                NOP
00000459 ffef                RET
_main:
0000045a ffec                DISI
0000045b d397                LCALL    0x468; _key_init=0x468
0000045c d74f                LCALL    0xb0; _CS1630_Init=0xb0
0000045d d324                LCALL    0x4db; _open_WDT=0x4db
0000045e fffb                ENI
main.o:_02033_DS_:
0000045f fffd                CLRWDT
00000460 d397                LCALL    0x468; _key_init=0x468
00000461 d7f6                LCALL    0x9; _Check_Keydown=0x9
00000462 e0fc                BCR      STATUS, BK0
00000463 ff1a                MOVAR    0x65
00000464 fe9a                MOVR     0x65, ToAcc
00000465 d468                LCALL    0x397; _sleep_count=0x397
00000466 c3a0                LGOTO    0x45f; main.o:_02033_DS_=0x45f
00000467 ffef                RET
_key_init:
00000468 de9b                MOVIA    0x64
00000469 d3d1                LCALL    0x42e; _delay_us=0x42e
0000046a de03                MOVIA    0xfc
0000046b fffa                IOST     IOSTA
0000046c dedc                MOVIA    0x23
0000046d fff6                IOST     APHCON
0000046e de37                MOVIA    0xc8
0000046f ff77                MOVAR    PCON
00000470 fdff                CLRA
00000471 fff9                IOST     IOSTB
00000472 d337                LCALL    0x4c8; _set_PB_low=0x4c8
00000473 e1f9                BCR      PORTB, PB4
00000474 ffef                RET
_toggle_key:
00000475 dec0                MOVIA    0x3f
00000476 fff6                IOST     APHCON
00000477 de17                MOVIA    0xe8
00000478 ff77                MOVAR    PCON
00000479 de3f                MOVIA    0xc0
0000047a fffa                IOST     IOSTA
0000047b d332                LCALL    0x4cd; _set_PA_low=0x4cd
0000047c def0                MOVIA    0xf
0000047d fff9                IOST     IOSTB
0000047e de0f                MOVIA    0xf0
0000047f ff73                MOVAR    BPHCON
00000480 ffef                RET
__gptrput:
__gptrput1:
00000481 dbff                XORIA    0x0
00000482 f2fc                BTRSC    STATUS, Z
00000483 c37a                LGOTO    0x485; _gptrput1.o:__dataptrput1=0x485
00000484 ffef                RET
_gptrput1.o:__dataptrput1:
00000485 fe85                MOVR     0x7a, ToAcc
00000486 ff7b                MOVAR    FSR
00000487 e0fc                BCR      STATUS, BK0
00000488 f005                BTRSC    0x7a, 0x7
00000489 e4fc                BSR      STATUS, BK0
0000048a fe84                MOVR     0x7b, ToAcc
0000048b ff7f                MOVAR    INDF
0000048c ffef                RET
_wake_up_init:
0000048d de03                MOVIA    0xfc
0000048e ff6a                MOVAR    AWUCON
0000048f fd76                CLRR     BWUCON
00000490 de03                MOVIA    0xfc
00000491 fffa                IOST     IOSTA
00000492 dedc                MOVIA    0x23
00000493 fff6                IOST     APHCON
00000494 defd                MOVIA    0x2
00000495 ff71                MOVAR    INTE
00000496 fd70                CLRR     INTF
00000497 ffef                RET
_CS1630_CE_Low:
00000498 dee1                MOVIA    0x1e
00000499 d3c1                LCALL    0x43e; _CS1630_read_byte=0x43e
0000049a e0fc                BCR      STATUS, BK0
0000049b ff2e                MOVAR    0x51
0000049c e22e                BCR      0x51, 0x3
0000049d feae                MOVR     0x51, ToAcc
0000049e ff06                MOVAR    0x79
0000049f dee1                MOVIA    0x1e
000004a0 d403                LCALL    0x3fc; _CS1630_write_byte=0x3fc
000004a1 ffef                RET
_CS1630_CE_High:
000004a2 dee1                MOVIA    0x1e
000004a3 d3c1                LCALL    0x43e; _CS1630_read_byte=0x43e
000004a4 e0fc                BCR      STATUS, BK0
000004a5 ff2f                MOVAR    0x50
000004a6 e62f                BSR      0x50, 0x3
000004a7 feaf                MOVR     0x50, ToAcc
000004a8 ff06                MOVAR    0x79
000004a9 dee1                MOVIA    0x1e
000004aa d403                LCALL    0x3fc; _CS1630_write_byte=0x3fc
000004ab ffef                RET
_led:
000004ac d3f2                LCALL    0x40d; _led_open=0x40d
000004ad e1f9                BCR      PORTB, PB4
000004ae deeb                MOVIA    0x14
000004af d42d                LCALL    0x3d2; _delay_ms=0x3d2
000004b0 d3f2                LCALL    0x40d; _led_open=0x40d
000004b1 e1f9                BCR      PORTB, PB4
000004b2 deeb                MOVIA    0x14
000004b3 d42d                LCALL    0x3d2; _delay_ms=0x3d2
000004b4 ffef                RET
_CS1630_Flush_Tx:
000004b5 e37a                BCR      PORTA, PA1
000004b6 de1e                MOVIA    0xe1
000004b7 d655                LCALL    0x1aa; _SPI_SendByte=0x1aa
000004b8 e77a                BSR      PORTA, PA1
000004b9 defe                MOVIA    0x1
000004ba d3d1                LCALL    0x42e; _delay_us=0x42e
000004bb ffef                RET
_delay_250ms:
000004bc de64                MOVIA    0x9b
000004bd d42d                LCALL    0x3d2; _delay_ms=0x3d2
000004be fffd                CLRWDT
000004bf de83                MOVIA    0x7c
000004c0 d42d                LCALL    0x3d2; _delay_ms=0x3d2
000004c1 ffef                RET
_go_to_sleep:
000004c2 d327                LCALL    0x4d8; _close_WDT=0x4d8
000004c3 d372                LCALL    0x48d; _wake_up_init=0x48d
000004c4 fe7a                MOVR     PORTA, ToReg
000004c5 fd70                CLRR     INTF
000004c6 fffe                SLEEP
000004c7 ffef                RET
_set_PB_low:
000004c8 e3f9                BCR      PORTB, PB0
000004c9 e379                BCR      PORTB, PB1
000004ca e2f9                BCR      PORTB, PB2
000004cb e279                BCR      PORTB, PB3
000004cc ffef                RET
_set_PA_low:
000004cd e2fa                BCR      PORTA, PA2
000004ce e27a                BCR      PORTA, PA3
000004cf e1fa                BCR      PORTA, PA4
000004d0 e17a                BCR      PORTA, PA5
000004d1 ffef                RET
app_tx.o:_channel_index:
000004d2 dffd                RETIA    0x2
000004d3 dfe5                RETIA    0x1a
000004d4 dfaf                RETIA    0x50
_delay_40us:
000004d5 def9                MOVIA    0x6
000004d6 d3d1                LCALL    0x42e; _delay_us=0x42e
000004d7 ffef                RET
_close_WDT:
000004d8 e077                BCR      PCON, WDTEN
000004d9 e277                BCR      PCON, LVREN
000004da ffef                RET
_open_WDT:
000004db e477                BSR      PCON, WDTEN
000004dc e677                BSR      PCON, LVREN
000004dd ffef                RET
